FiFAR, 8 scenarios, fp_cost=0.05 (fn_cost=1.0)
saving = fraction of the model-only cost removed by review

--- capacity = 2% of alerts ---
  proportional/near-threshold    0.034 [0.033, 0.034]  used  95.0%  per-review  0.1865   (reference)
  even/near-threshold            0.029 [0.028, 0.029]  used 100.0%  per-review  0.1524   d_total -0.005  d_per_review -0.0347 [-0.0374, -0.0312]  (worse per review)
  even/top-score                 0.004 [0.002, 0.005]  used 100.0%  per-review  0.0188   d_total -0.030  d_per_review -0.1658 [-0.1755, -0.1611]  (worse per review)
  even/mixed                     0.019 [0.019, 0.019]  used 100.0%  per-review  0.1013   d_total -0.014  d_per_review -0.0855 [-0.0876, -0.0822]  (worse per review)
  size-aware/near-threshold      0.035 [0.035, 0.036]  used  97.9%  per-review  0.1897   d_total +0.001  d_per_review +0.0023 [+0.0000, +0.0084]  <-- better per review
  front-loaded/near-threshold    0.023 [0.023, 0.024]  used 100.0%  per-review  0.1250   d_total -0.010  d_per_review -0.0619 [-0.0640, -0.0582]  (worse per review)

--- capacity = 5% of alerts ---
  proportional/near-threshold    0.090 [0.089, 0.090]  used  95.0%  per-review  0.1999   (reference)
  even/near-threshold            0.082 [0.081, 0.083]  used 100.0%  per-review  0.1734   d_total -0.008  d_per_review -0.0261 [-0.0305, -0.0237]  (worse per review)
  even/top-score                 0.067 [0.067, 0.068]  used 100.0%  per-review  0.1427   d_total -0.022  d_per_review -0.0566 [-0.0595, -0.0551]  (worse per review)
  even/mixed                     0.054 [0.053, 0.056]  used 100.0%  per-review  0.1142   d_total -0.036  d_per_review -0.0858 [-0.0881, -0.0829]  (worse per review)
  size-aware/near-threshold      0.091 [0.091, 0.092]  used  97.9%  per-review  0.1974   d_total +0.002  d_per_review -0.0025 [-0.0027, -0.0023]  (worse per review)
  front-loaded/near-threshold    0.064 [0.063, 0.064]  used 100.0%  per-review  0.1346   d_total -0.026  d_per_review -0.0652 [-0.0669, -0.0636]  (worse per review)

--- capacity = 10% of alerts ---
  proportional/near-threshold    0.162 [0.161, 0.164]  used  95.0%  per-review  0.1808   (reference)
  even/near-threshold            0.149 [0.149, 0.150]  used 100.0%  per-review  0.1581   d_total -0.013  d_per_review -0.0229 [-0.0245, -0.0205]  (worse per review)
  even/top-score                 0.146 [0.145, 0.147]  used 100.0%  per-review  0.1543   d_total -0.016  d_per_review -0.0263 [-0.0289, -0.0239]  (worse per review)
  even/mixed                     0.107 [0.107, 0.108]  used 100.0%  per-review  0.1133   d_total -0.055  d_per_review -0.0677 [-0.0688, -0.0662]  (worse per review)
  size-aware/near-threshold      0.163 [0.162, 0.164]  used  97.9%  per-review  0.1765   d_total +0.001  d_per_review -0.0048 [-0.0055, -0.0030]  (worse per review)
  front-loaded/near-threshold    0.113 [0.112, 0.113]  used 100.0%  per-review  0.1191   d_total -0.050  d_per_review -0.0620 [-0.0630, -0.0602]  (worse per review)

--- capacity = 20% of alerts ---
  proportional/near-threshold    0.275 [0.273, 0.279]  used  95.0%  per-review  0.1537   (reference)
  even/near-threshold            0.255 [0.252, 0.258]  used  93.4%  per-review  0.1446   d_total -0.021  d_per_review -0.0091 [-0.0102, -0.0081]  (worse per review)
  even/top-score                 0.255 [0.253, 0.257]  used  93.4%  per-review  0.1443   d_total -0.022  d_per_review -0.0096 [-0.0106, -0.0083]  (worse per review)
  even/mixed                     0.202 [0.200, 0.204]  used  93.4%  per-review  0.1144   d_total -0.074  d_per_review -0.0392 [-0.0402, -0.0385]  (worse per review)
  size-aware/near-threshold      0.278 [0.275, 0.282]  used  97.8%  per-review  0.1506   d_total +0.003  d_per_review -0.0029 [-0.0039, -0.0025]  (worse per review)
  front-loaded/near-threshold    0.187 [0.185, 0.190]  used 100.0%  per-review  0.0990   d_total -0.089  d_per_review -0.0545 [-0.0554, -0.0540]  (worse per review)

--- capacity = 40% of alerts ---
  proportional/near-threshold    0.433 [0.428, 0.436]  used  95.0%  per-review  0.1204   (reference)
  even/near-threshold            0.411 [0.409, 0.415]  used  89.5%  per-review  0.1217   d_total -0.019  d_per_review +0.0016 [+0.0003, +0.0022]  <-- better per review
  even/top-score                 0.411 [0.409, 0.414]  used  89.5%  per-review  0.1216   d_total -0.020  d_per_review +0.0015 [+0.0002, +0.0023]  <-- better per review
  even/mixed                     0.344 [0.340, 0.346]  used  89.5%  per-review  0.1013   d_total -0.089  d_per_review -0.0190 [-0.0200, -0.0181]  (worse per review)
  size-aware/near-threshold      0.441 [0.436, 0.443]  used  97.9%  per-review  0.1188   d_total +0.007  d_per_review -0.0015 [-0.0021, -0.0010]  (worse per review)
  front-loaded/near-threshold    0.305 [0.301, 0.307]  used 100.0%  per-review  0.0805   d_total -0.128  d_per_review -0.0399 [-0.0404, -0.0394]  (worse per review)

--- capacity = 70% of alerts ---
  proportional/near-threshold    0.563 [0.555, 0.569]  used  95.0%  per-review  0.0894   (reference)
  even/near-threshold            0.555 [0.546, 0.564]  used  87.9%  per-review  0.0953   d_total -0.006  d_per_review +0.0062 [+0.0048, +0.0070]  <-- better per review
  even/top-score                 0.555 [0.546, 0.564]  used  87.9%  per-review  0.0954   d_total -0.006  d_per_review +0.0062 [+0.0048, +0.0070]  <-- better per review
  even/mixed                     0.499 [0.493, 0.504]  used  87.9%  per-review  0.0858   d_total -0.062  d_per_review -0.0034 [-0.0048, -0.0027]  (worse per review)
  size-aware/near-threshold      0.573 [0.564, 0.579]  used  97.9%  per-review  0.0882   d_total +0.010  d_per_review -0.0012 [-0.0018, -0.0008]  (worse per review)
  front-loaded/near-threshold    0.456 [0.449, 0.461]  used 100.0%  per-review  0.0688   d_total -0.107  d_per_review -0.0207 [-0.0211, -0.0202]  (worse per review)

--- capacity = 100% of alerts ---
  proportional/near-threshold    0.649 [0.638, 0.652]  used  93.9%  per-review  0.0728   (reference)
  even/near-threshold            0.647 [0.637, 0.650]  used  85.3%  per-review  0.0798   d_total -0.002  d_per_review +0.0070 [+0.0067, +0.0074]  <-- better per review
  even/top-score                 0.647 [0.637, 0.650]  used  85.3%  per-review  0.0798   d_total -0.002  d_per_review +0.0070 [+0.0067, +0.0074]  <-- better per review
  even/mixed                     0.626 [0.614, 0.630]  used  85.3%  per-review  0.0772   d_total -0.021  d_per_review +0.0046 [+0.0040, +0.0050]  <-- better per review
  size-aware/near-threshold      0.665 [0.654, 0.666]  used  96.4%  per-review  0.0725   d_total +0.015  d_per_review -0.0002 [-0.0005, -0.0000]  (worse per review)
  front-loaded/near-threshold    0.672 [0.662, 0.674]  used 100.0%  per-review  0.0707   d_total +0.023  d_per_review -0.0020 [-0.0023, -0.0019]  (worse per review)

wrote results/capacity_sweep.json

FiFAR ships 1.00 in training scenarios and 0.909 in test scenarios.
Read the rows near those values to see what the shipped benchmark leaves on
the table, and the tight rows to see where rationing starts to matter.
