  ...5/30 seeds  (133s)
  ...10/30 seeds  (266s)
  ...15/30 seeds  (409s)
  ...20/30 seeds  (586s)
  ...25/30 seeds  (738s)
  ...30/30 seeds  (886s)

drift simulator, adversarial break, 10% budget, 30 seeds

--- overall recall ---
policy                          IQM             95% CI    n               vs top-k  P(better)
---------------------------------------------------------------------------------------------
top-k                         0.598     [0.554, 0.643]   30            (reference)           
eps-explore(0.15)             0.580     [0.545, 0.624]   30 -0.012 [-0.025, +0.002]       0.48
eps-explore(0.35)             0.546     [0.518, 0.587]   30 -0.031 [-0.055, -0.014]       0.38
eps-explore(0.6)              0.430     [0.397, 0.485]   30 -0.136 [-0.172, -0.101]       0.17
yield-triggered(drop=0.5)     0.600     [0.563, 0.641]   30 +0.005 [-0.005, +0.020]       0.53
random                        0.096     [0.094, 0.099]   30 -0.499 [-0.547, -0.454]       0.00
random-action                 0.363     [0.339, 0.388]   30 -0.242 [-0.277, -0.203]       0.02
oracle-ceiling                0.988     [0.972, 0.998]   30 +0.377 [+0.331, +0.422]       1.00

--- pre-break ---
policy                          IQM             95% CI    n               vs top-k  P(better)
---------------------------------------------------------------------------------------------
top-k                         0.958     [0.939, 0.973]   30            (reference)           
eps-explore(0.15)             0.923     [0.889, 0.954]   30 -0.036 [-0.051, -0.021]       0.34
eps-explore(0.35)             0.838     [0.778, 0.897]   30 -0.119 [-0.159, -0.075]       0.20
eps-explore(0.6)              0.630     [0.553, 0.716]   30 -0.321 [-0.375, -0.254]       0.03
yield-triggered(drop=0.5)     0.930     [0.910, 0.950]   30 -0.010 [-0.025, -0.001]       0.35
random                        0.095     [0.091, 0.100]   30 -0.863 [-0.878, -0.843]       0.00
random-action                 0.527     [0.499, 0.555]   30 -0.421 [-0.441, -0.400]       0.00
oracle-ceiling                0.987     [0.969, 0.998]   30 +0.022 [+0.017, +0.027]       0.72

--- post-break ---
policy                          IQM             95% CI    n               vs top-k  P(better)
---------------------------------------------------------------------------------------------
top-k                         0.054     [0.025, 0.094]   30            (reference)           
eps-explore(0.15)             0.093     [0.056, 0.135]   30 +0.020 [+0.001, +0.044]       0.65
eps-explore(0.35)             0.138     [0.100, 0.186]   30 +0.060 [+0.026, +0.099]       0.74
eps-explore(0.6)              0.160     [0.125, 0.202]   30 +0.086 [+0.049, +0.123]       0.79
yield-triggered(drop=0.5)     0.116     [0.094, 0.142]   30 +0.048 [+0.026, +0.077]       0.71
random                        0.101     [0.094, 0.107]   30 +0.043 [+0.008, +0.073]       0.67
random-action                 0.105     [0.079, 0.133]   30 +0.032 [+0.005, +0.058]       0.68
oracle-ceiling                0.996     [0.982, 1.000]   30 +0.920 [+0.882, +0.956]       1.00

wrote results/drift_baselines.json
