########## seed 0 starting 21:41:43 ##########
update   0  recall 0.316  entropy 3.205  kl 0.0193  25s
update   1  recall 0.405  entropy 3.198  kl 0.0719  49s
update   2  recall 0.381  entropy 3.155  kl 0.1186  71s
update   3  recall 0.393  entropy 3.122  kl 0.0218  94s
update   4  recall 0.367  entropy 3.117  kl 0.0263  117s
update   5  recall 0.430  entropy 3.087  kl 0.0002  139s
update   6  recall 0.419  entropy 3.044  kl 0.0841  162s
update   7  recall 0.442  entropy 3.027  kl 0.0156  184s
update   8  recall 0.483  entropy 2.923  kl 0.0326  207s
update   9  recall 0.547  entropy 2.923  kl 0.0114  234s
update  10  recall 0.482  entropy 2.849  kl 0.0240  262s
update  11  recall 0.480  entropy 2.825  kl 0.0309  289s
update  12  recall 0.508  entropy 2.754  kl 0.0895  312s
update  13  recall 0.561  entropy 2.719  kl 0.0821  335s
update  14  recall 0.545  entropy 2.715  kl 0.0199  358s
update  15  recall 0.536  entropy 2.498  kl 0.0286  381s
update  16  recall 0.550  entropy 2.497  kl 0.0068  403s
update  17  recall 0.567  entropy 2.319  kl 0.0165  426s
update  18  recall 0.572  entropy 2.370  kl 0.0177  449s
update  19  recall 0.519  entropy 2.598  kl 0.0021  471s
update  20  recall 0.492  entropy 2.606  kl 0.0178  494s
update  21  recall 0.564  entropy 2.384  kl 0.0428  518s
update  22  recall 0.516  entropy 2.572  kl 0.0807  545s
update  23  recall 0.516  entropy 2.511  kl 0.0882  573s
update  24  recall 0.558  entropy 2.468  kl 0.0396  601s
update  25  recall 0.539  entropy 2.362  kl 0.0101  629s
update  26  recall 0.620  entropy 2.485  kl 0.0377  657s
update  27  recall 0.571  entropy 2.226  kl 0.0439  685s
update  28  recall 0.560  entropy 2.190  kl 0.0227  713s
update  29  recall 0.601  entropy 2.201  kl 0.0052  742s
update  30  recall 0.621  entropy 2.122  kl 0.1017  770s
update  31  recall 0.523  entropy 2.057  kl 0.0172  798s
update  32  recall 0.616  entropy 2.060  kl 0.0111  827s
update  33  recall 0.592  entropy 2.184  kl 0.0824  855s
update  34  recall 0.580  entropy 2.146  kl 0.0066  884s
update  35  recall 0.486  entropy 2.400  kl 0.0611  912s
update  36  recall 0.524  entropy 2.448  kl 0.0145  943s
update  37  recall 0.629  entropy 2.404  kl 0.0363  974s
update  38  recall 0.568  entropy 2.064  kl 0.0309  1004s
update  39  recall 0.588  entropy 1.859  kl 0.0585  1030s
update  40  recall 0.547  entropy 2.281  kl 0.0268  1057s
update  41  recall 0.615  entropy 2.039  kl 0.0954  1085s
update  42  recall 0.559  entropy 2.268  kl 0.0507  1114s
update  43  recall 0.570  entropy 2.085  kl 0.0768  1143s
update  44  recall 0.569  entropy 2.100  kl 0.0069  1172s
update  45  recall 0.600  entropy 2.257  kl 0.0016  1200s
update  46  recall 0.561  entropy 1.977  kl 0.0395  1228s
update  47  recall 0.579  entropy 1.939  kl 0.0098  1257s
update  48  recall 0.573  entropy 2.314  kl 0.0586  1285s
update  49  recall 0.589  entropy 2.140  kl 0.0361  1314s
update  50  recall 0.612  entropy 1.450  kl 0.0659  1343s
update  51  recall 0.630  entropy 1.976  kl 0.0400  1372s
update  52  recall 0.603  entropy 1.947  kl 0.0564  1400s
update  53  recall 0.603  entropy 1.934  kl 0.1078  1429s
update  54  recall 0.575  entropy 1.340  kl 0.0074  1458s
update  55  recall 0.578  entropy 1.780  kl 0.0209  1487s
update  56  recall 0.626  entropy 1.550  kl 0.0212  1515s
update  57  recall 0.601  entropy 1.778  kl 0.0062  1544s
update  58  recall 0.537  entropy 1.700  kl 0.0327  1572s
update  59  recall 0.660  entropy 1.668  kl 0.0246  1601s
update  60  recall 0.638  entropy 1.362  kl 0.0257  1630s
update  61  recall 0.629  entropy 1.659  kl 0.0735  1658s
update  62  recall 0.572  entropy 1.697  kl 0.1438  1687s
update  63  recall 0.604  entropy 1.681  kl 0.0750  1716s
update  64  recall 0.612  entropy 1.846  kl 0.0400  1746s
update  65  recall 0.545  entropy 1.898  kl 0.0812  1775s
update  66  recall 0.584  entropy 1.454  kl 0.0420  1804s
update  67  recall 0.614  entropy 1.603  kl 0.0820  1833s
update  68  recall 0.539  entropy 1.947  kl 0.0386  1862s
update  69  recall 0.591  entropy 1.578  kl 0.0145  1891s
update  70  recall 0.615  entropy 1.281  kl 0.0233  1920s
update  71  recall 0.574  entropy 1.669  kl 0.0171  1949s
update  72  recall 0.612  entropy 1.564  kl 0.0590  1978s
update  73  recall 0.613  entropy 1.709  kl 0.0644  2007s
update  74  recall 0.605  entropy 1.261  kl 0.0117  2036s
update  75  recall 0.612  entropy 1.860  kl 0.0333  2064s
update  76  recall 0.541  entropy 1.623  kl 0.0315  2094s
update  77  recall 0.615  entropy 1.724  kl 0.0558  2123s
update  78  recall 0.614  entropy 1.672  kl 0.0733  2152s
update  79  recall 0.619  entropy 1.714  kl 0.0266  2181s
update  80  recall 0.607  entropy 1.467  kl 0.0613  2210s
update  81  recall 0.626  entropy 1.780  kl 0.1016  2239s
update  82  recall 0.630  entropy 1.698  kl 0.0901  2268s
update  83  recall 0.642  entropy 1.524  kl 0.0589  2297s
update  84  recall 0.617  entropy 1.572  kl 0.0102  2326s
update  85  recall 0.574  entropy 1.439  kl 0.0015  2355s
update  86  recall 0.575  entropy 1.734  kl 0.0738  2384s
update  87  recall 0.635  entropy 1.593  kl 0.0561  2413s
update  88  recall 0.599  entropy 1.659  kl 0.0652  2441s
update  89  recall 0.602  entropy 1.406  kl 0.0400  2470s
update  90  recall 0.605  entropy 1.689  kl 0.0259  2499s
update  91  recall 0.589  entropy 1.931  kl 0.0412  2528s
update  92  recall 0.599  entropy 1.706  kl 0.0507  2556s
update  93  recall 0.639  entropy 1.621  kl 0.0060  2585s
update  94  recall 0.659  entropy 1.560  kl 0.0303  2613s
update  95  recall 0.606  entropy 1.615  kl 0.0767  2642s
update  96  recall 0.589  entropy 1.535  kl 0.0914  2671s
update  97  recall 0.649  entropy 1.499  kl 0.0273  2700s
update  98  recall 0.600  entropy 1.768  kl 0.0119  2729s
update  99  recall 0.616  entropy 1.992  kl 0.0104  2757s
update 100  recall 0.584  entropy 1.459  kl 0.0620  2786s
update 101  recall 0.615  entropy 1.820  kl 0.0267  2816s
update 102  recall 0.651  entropy 1.804  kl 0.0595  2844s
update 103  recall 0.627  entropy 1.781  kl 0.0078  2873s
update 104  recall 0.626  entropy 1.484  kl 0.0063  2902s
update 105  recall 0.598  entropy 1.579  kl 0.0171  2931s
update 106  recall 0.630  entropy 1.689  kl 0.0317  2960s
update 107  recall 0.541  entropy 1.935  kl 0.0187  2990s
update 108  recall 0.618  entropy 1.665  kl 0.0205  3018s
update 109  recall 0.627  entropy 1.505  kl 0.0630  3047s
update 110  recall 0.628  entropy 1.886  kl 0.0096  3076s
update 111  recall 0.623  entropy 2.020  kl 0.0149  3106s
update 112  recall 0.601  entropy 1.833  kl 0.0356  3135s
update 113  recall 0.639  entropy 1.742  kl 0.0832  3164s
update 114  recall 0.612  entropy 1.664  kl 0.0169  3193s
update 115  recall 0.619  entropy 1.583  kl 0.0163  3221s
update 116  recall 0.620  entropy 1.540  kl 0.0128  3250s
update 117  recall 0.600  entropy 1.783  kl 0.0305  3278s
update 118  recall 0.653  entropy 1.704  kl 0.0038  3308s
update 119  recall 0.649  entropy 1.730  kl 0.0391  3338s
update 120  recall 0.636  entropy 1.712  kl 0.0442  3367s
update 121  recall 0.586  entropy 1.728  kl 0.0248  3397s
update 122  recall 0.659  entropy 1.554  kl 0.0885  3428s
update 123  recall 0.647  entropy 1.609  kl 0.0784  3458s
update 124  recall 0.650  entropy 1.294  kl 0.0717  3486s
update 125  recall 0.645  entropy 1.417  kl 0.0207  3514s
update 126  recall 0.605  entropy 1.376  kl 0.0127  3543s
update 127  recall 0.666  entropy 1.517  kl 0.0696  3571s
update 128  recall 0.653  entropy 1.650  kl 0.0862  3599s
update 129  recall 0.596  entropy 1.584  kl 0.0335  3628s
update 130  recall 0.668  entropy 1.638  kl 0.0624  3657s
update 131  recall 0.577  entropy 1.850  kl 0.0029  3685s
update 132  recall 0.609  entropy 1.704  kl 0.0536  3713s
update 133  recall 0.553  entropy 1.472  kl 0.0647  3742s
update 134  recall 0.628  entropy 1.486  kl 0.0265  3771s
update 135  recall 0.669  entropy 1.539  kl 0.1382  3799s
update 136  recall 0.644  entropy 1.467  kl 0.0292  3829s
update 137  recall 0.629  entropy 1.557  kl 0.0000  3857s
update 138  recall 0.632  entropy 1.688  kl 0.0675  3885s
update 139  recall 0.605  entropy 1.608  kl 0.0307  3913s
update 140  recall 0.590  entropy 1.634  kl 0.0024  3942s
update 141  recall 0.608  entropy 1.526  kl 0.0229  3970s
update 142  recall 0.575  entropy 1.650  kl 0.0347  3998s
update 143  recall 0.568  entropy 1.800  kl 0.0206  4027s
update 144  recall 0.624  entropy 1.709  kl 0.0675  4057s
update 145  recall 0.641  entropy 1.348  kl 0.0711  4086s
update 146  recall 0.629  entropy 1.452  kl 0.2204  4115s
update 147  recall 0.638  entropy 1.596  kl 0.0211  4143s
update 148  recall 0.603  entropy 1.547  kl 0.0568  4176s
update 149  recall 0.668  entropy 1.540  kl 0.0688  4210s
update 150  recall 0.661  entropy 1.559  kl 0.0605  4240s
update 151  recall 0.641  entropy 1.719  kl 0.0199  4265s
update 152  recall 0.614  entropy 1.462  kl 0.0099  4292s
update 153  recall 0.639  entropy 1.462  kl 0.0293  4318s
update 154  recall 0.599  entropy 1.600  kl 0.0260  4351s
update 155  recall 0.602  entropy 1.604  kl 0.1967  4376s
update 156  recall 0.590  entropy 1.614  kl 0.0043  4402s
update 157  recall 0.615  entropy 1.361  kl 0.0496  4432s
update 158  recall 0.631  entropy 1.275  kl 0.0432  4459s
update 159  recall 0.682  entropy 1.361  kl 0.0680  4488s
update 160  recall 0.634  entropy 1.409  kl 0.0076  4520s
update 161  recall 0.601  entropy 1.658  kl 0.0071  4548s
update 162  recall 0.624  entropy 1.624  kl 0.0994  4574s
update 163  recall 0.630  entropy 1.579  kl 0.0472  4600s
update 164  recall 0.596  entropy 1.417  kl 0.0389  4627s
update 165  recall 0.632  entropy 1.569  kl 0.0092  4653s
update 166  recall 0.623  entropy 1.543  kl 0.0032  4682s
update 167  recall 0.668  entropy 1.207  kl 0.0367  4709s
update 168  recall 0.661  entropy 1.411  kl 0.0726  4735s
update 169  recall 0.638  entropy 1.417  kl 0.0081  4763s
update 170  recall 0.627  entropy 1.844  kl 0.0574  4793s
update 171  recall 0.643  entropy 1.386  kl 0.0321  4828s
update 172  recall 0.626  entropy 1.343  kl 0.0666  4863s
update 173  recall 0.631  entropy 1.370  kl 0.0641  4901s
update 174  recall 0.667  entropy 1.409  kl 0.0284  4941s
update 175  recall 0.620  entropy 1.378  kl 0.1134  4989s
update 176  recall 0.575  entropy 1.316  kl 0.0522  5042s
update 177  recall 0.636  entropy 1.675  kl 0.0061  5094s
update 178  recall 0.645  entropy 1.512  kl 0.0376  5143s
update 179  recall 0.693  entropy 1.304  kl 0.0436  5198s
update 180  recall 0.640  entropy 1.233  kl 0.0252  5248s
update 181  recall 0.653  entropy 1.379  kl 0.0075  5293s
update 182  recall 0.667  entropy 1.421  kl 0.0469  5338s
update 183  recall 0.582  entropy 1.380  kl 0.0620  5392s
update 184  recall 0.661  entropy 1.436  kl 0.1211  5449s
update 185  recall 0.637  entropy 1.446  kl 0.0603  5497s
update 186  recall 0.617  entropy 1.208  kl 0.0060  5552s
update 187  recall 0.658  entropy 1.472  kl 0.0099  5607s
update 188  recall 0.643  entropy 1.320  kl 0.0338  5674s
update 189  recall 0.636  entropy 1.060  kl 0.0358  5744s
update 190  recall 0.610  entropy 1.320  kl 0.0798  5798s
update 191  recall 0.628  entropy 0.864  kl 0.0307  5846s
update 192  recall 0.654  entropy 1.408  kl 0.0726  5895s
update 193  recall 0.651  entropy 1.225  kl 0.0367  5943s
update 194  recall 0.624  entropy 1.233  kl 0.0298  6010s
update 195  recall 0.612  entropy 1.358  kl 0.0223  6063s
update 196  recall 0.634  entropy 1.217  kl 0.0219  6116s
update 197  recall 0.590  entropy 1.162  kl 0.0230  6192s
update 198  recall 0.628  entropy 1.215  kl 0.0211  6269s
update 199  recall 0.633  entropy 1.442  kl 0.0212  6392s

saved results/ppo_s0.pt

held-out drift seeds (not used in training):
  ppo                        recall 0.641 +/- 0.050
  top-k                      recall 0.570 +/- 0.098
  yield-triggered(drop=0.5)  recall 0.594 +/- 0.085
########## seed 0 done 23:33:17 ##########
########## seed 1 starting 23:33:17 ##########
update   0  recall 0.421  entropy 3.209  kl 0.0346  40s
