update   0  recall 0.328  entropy 3.204  kl 0.0269  17s
update   1  recall 0.461  entropy 3.183  kl 0.0194  41s
update   2  recall 0.474  entropy 3.134  kl 0.0621  60s
update   3  recall 0.475  entropy 3.041  kl 0.0384  76s
update   4  recall 0.476  entropy 3.020  kl 0.0174  92s
update   5  recall 0.487  entropy 2.944  kl 0.0503  110s
update   6  recall 0.525  entropy 2.958  kl 0.0034  126s
update   7  recall 0.500  entropy 2.709  kl 0.0131  142s
update   8  recall 0.505  entropy 2.789  kl 0.0078  159s
update   9  recall 0.541  entropy 2.657  kl 0.0665  176s
update  10  recall 0.513  entropy 2.774  kl 0.0081  193s
update  11  recall 0.547  entropy 2.798  kl 0.0139  209s
update  12  recall 0.554  entropy 2.670  kl 0.0513  227s
update  13  recall 0.557  entropy 2.805  kl 0.0156  243s
update  14  recall 0.543  entropy 2.894  kl 0.0215  262s
update  15  recall 0.513  entropy 2.731  kl 0.0737  278s
update  16  recall 0.555  entropy 2.716  kl 0.0700  296s
update  17  recall 0.487  entropy 2.726  kl 0.0230  316s
update  18  recall 0.528  entropy 2.733  kl 0.0342  334s
update  19  recall 0.512  entropy 2.705  kl 0.0121  353s
update  20  recall 0.548  entropy 2.668  kl 0.0014  373s
update  21  recall 0.543  entropy 2.782  kl 0.0060  393s
update  22  recall 0.566  entropy 2.649  kl 0.0375  410s
update  23  recall 0.512  entropy 2.453  kl 0.0714  427s
update  24  recall 0.588  entropy 2.586  kl 0.0547  447s
update  25  recall 0.616  entropy 2.411  kl 0.0942  471s
update  26  recall 0.573  entropy 2.356  kl 0.1420  492s
update  27  recall 0.553  entropy 2.145  kl 0.1484  515s
update  28  recall 0.604  entropy 2.279  kl 0.0401  533s
update  29  recall 0.585  entropy 2.443  kl 0.1087  551s
update  30  recall 0.607  entropy 2.175  kl 0.0882  572s
update  31  recall 0.563  entropy 2.282  kl 0.0051  594s
update  32  recall 0.552  entropy 2.276  kl 0.0288  617s
update  33  recall 0.582  entropy 2.244  kl 0.0264  638s
update  34  recall 0.513  entropy 2.379  kl 0.0326  658s
update  35  recall 0.562  entropy 2.270  kl 0.0059  687s
update  36  recall 0.593  entropy 2.302  kl 0.0597  708s
update  37  recall 0.557  entropy 2.457  kl 0.0005  735s
update  38  recall 0.557  entropy 2.154  kl 0.0664  763s
update  39  recall 0.585  entropy 2.234  kl 0.0062  785s
update  40  recall 0.601  entropy 2.154  kl 0.0727  809s
update  41  recall 0.528  entropy 2.142  kl 0.0541  836s
update  42  recall 0.506  entropy 2.390  kl 0.1633  864s
update  43  recall 0.572  entropy 2.405  kl 0.0004  891s
update  44  recall 0.550  entropy 2.281  kl 0.0409  918s
update  45  recall 0.535  entropy 2.342  kl 0.1759  948s
update  46  recall 0.581  entropy 2.357  kl 0.0274  975s
update  47  recall 0.580  entropy 2.273  kl 0.0084  997s
update  48  recall 0.545  entropy 2.597  kl 0.0282  1024s
update  49  recall 0.529  entropy 2.495  kl 0.0650  1052s
update  50  recall 0.571  entropy 2.340  kl 0.0280  1077s
update  51  recall 0.583  entropy 2.367  kl 0.1336  1101s
update  52  recall 0.595  entropy 2.308  kl 0.0231  1131s
update  53  recall 0.585  entropy 2.283  kl 0.0304  1157s
update  54  recall 0.535  entropy 2.483  kl 0.0313  1180s
update  55  recall 0.564  entropy 2.486  kl 0.1573  1206s
update  56  recall 0.553  entropy 2.394  kl 0.0307  1229s
update  57  recall 0.565  entropy 2.348  kl 0.0811  1250s
update  58  recall 0.561  entropy 2.081  kl 0.0770  1273s
update  59  recall 0.605  entropy 2.206  kl 0.0111  1298s
update  60  recall 0.578  entropy 1.966  kl 0.0777  1331s
update  61  recall 0.569  entropy 2.244  kl 0.0199  1353s
update  62  recall 0.562  entropy 1.894  kl 0.0465  1376s
update  63  recall 0.631  entropy 1.882  kl 0.1031  1399s
update  64  recall 0.582  entropy 1.857  kl 0.0057  1419s
update  65  recall 0.568  entropy 1.698  kl 0.1015  1438s
update  66  recall 0.605  entropy 1.708  kl 0.0259  1457s
update  67  recall 0.589  entropy 1.646  kl 0.0852  1479s
update  68  recall 0.591  entropy 1.732  kl 0.0026  1499s
update  69  recall 0.589  entropy 1.790  kl 0.0268  1521s
update  70  recall 0.611  entropy 1.687  kl 0.0397  1541s
update  71  recall 0.617  entropy 1.987  kl 0.0061  1565s
update  72  recall 0.613  entropy 2.031  kl 0.0157  1585s
update  73  recall 0.581  entropy 1.921  kl 0.0112  1603s
update  74  recall 0.555  entropy 1.853  kl 0.0209  1622s
update  75  recall 0.575  entropy 2.141  kl 0.0225  1641s
update  76  recall 0.597  entropy 1.947  kl 0.0081  1659s
update  77  recall 0.595  entropy 2.034  kl 0.0704  1678s
update  78  recall 0.613  entropy 1.862  kl 0.0182  1697s
update  79  recall 0.609  entropy 1.690  kl 0.0410  1716s
update  80  recall 0.626  entropy 1.394  kl 0.0080  1734s
update  81  recall 0.668  entropy 1.775  kl 0.0640  1758s
update  82  recall 0.573  entropy 1.827  kl 0.0166  1778s
update  83  recall 0.618  entropy 1.993  kl 0.0712  1798s
update  84  recall 0.620  entropy 1.514  kl 0.0295  1822s
update  85  recall 0.585  entropy 1.513  kl 0.0356  1851s
update  86  recall 0.650  entropy 1.597  kl 0.0060  1870s
update  87  recall 0.560  entropy 1.621  kl 0.0031  1885s
update  88  recall 0.592  entropy 2.005  kl 0.0144  1902s
update  89  recall 0.618  entropy 1.495  kl 0.0195  1930s
update  90  recall 0.622  entropy 1.361  kl 0.0204  1955s
update  91  recall 0.592  entropy 1.827  kl 0.0064  1977s
update  92  recall 0.551  entropy 1.701  kl 0.0200  1997s
update  93  recall 0.643  entropy 1.689  kl 0.0676  2014s
update  94  recall 0.639  entropy 1.869  kl 0.0047  2032s
update  95  recall 0.540  entropy 1.685  kl 0.0136  2050s
update  96  recall 0.592  entropy 1.672  kl 0.0318  2070s
update  97  recall 0.547  entropy 1.478  kl 0.0045  2090s
update  98  recall 0.582  entropy 1.471  kl 0.0445  2111s
update  99  recall 0.569  entropy 1.433  kl 0.0824  2130s
update 100  recall 0.579  entropy 1.454  kl 0.0139  2147s
update 101  recall 0.561  entropy 1.393  kl 0.1634  2166s
update 102  recall 0.576  entropy 0.772  kl 0.0229  2184s
update 103  recall 0.632  entropy 1.411  kl 0.0111  2207s
update 104  recall 0.580  entropy 1.656  kl 0.0941  2231s
update 105  recall 0.598  entropy 1.531  kl 0.1477  2253s
update 106  recall 0.595  entropy 1.063  kl 0.0051  2276s
update 107  recall 0.649  entropy 1.198  kl 0.0503  2295s
update 108  recall 0.591  entropy 0.960  kl 0.0111  2314s
update 109  recall 0.607  entropy 1.065  kl 0.0436  2332s
update 110  recall 0.609  entropy 1.168  kl 0.0014  2352s
update 111  recall 0.664  entropy 1.025  kl 0.0077  2370s
update 112  recall 0.595  entropy 1.134  kl 0.1188  2390s
update 113  recall 0.571  entropy 1.312  kl 0.0653  2411s
update 114  recall 0.609  entropy 1.403  kl 0.1125  2434s
update 115  recall 0.599  entropy 1.120  kl 0.0322  2454s
update 116  recall 0.606  entropy 1.149  kl 0.0001  2472s
update 117  recall 0.620  entropy 1.517  kl 0.0356  2488s
update 118  recall 0.659  entropy 1.180  kl 0.0290  2506s
update 119  recall 0.642  entropy 1.190  kl 0.0488  2523s
update 120  recall 0.674  entropy 1.275  kl 0.0921  2538s
update 121  recall 0.653  entropy 1.164  kl 0.0503  2560s
update 122  recall 0.572  entropy 1.317  kl 0.0764  2579s
update 123  recall 0.581  entropy 1.343  kl 0.0703  2599s
update 124  recall 0.614  entropy 1.295  kl 0.0876  2618s
update 125  recall 0.650  entropy 1.167  kl 0.0013  2638s
update 126  recall 0.631  entropy 1.377  kl 0.0010  2654s
update 127  recall 0.632  entropy 1.175  kl 0.0014  2670s
update 128  recall 0.642  entropy 1.075  kl 0.0016  2687s
update 129  recall 0.682  entropy 1.093  kl 0.0303  2705s
update 130  recall 0.627  entropy 1.353  kl 0.0690  2721s
update 131  recall 0.642  entropy 1.446  kl 0.2100  2736s
update 132  recall 0.609  entropy 1.557  kl 0.0018  2752s
update 133  recall 0.627  entropy 1.390  kl 0.0062  2768s
update 134  recall 0.640  entropy 1.572  kl 0.1154  2786s
update 135  recall 0.640  entropy 1.532  kl 0.0499  2806s
update 136  recall 0.554  entropy 1.533  kl 0.0457  2820s
update 137  recall 0.628  entropy 1.258  kl 0.0060  2842s
update 138  recall 0.619  entropy 1.495  kl 0.0949  2862s
update 139  recall 0.653  entropy 1.436  kl 0.1448  2879s
update 140  recall 0.651  entropy 1.514  kl 0.0394  2896s
update 141  recall 0.676  entropy 1.531  kl 0.0735  2914s
update 142  recall 0.622  entropy 1.503  kl 0.0141  2932s
update 143  recall 0.577  entropy 1.551  kl 0.0626  2950s
update 144  recall 0.618  entropy 1.584  kl 0.0281  2966s
update 145  recall 0.602  entropy 1.648  kl 0.0122  2982s
update 146  recall 0.593  entropy 1.655  kl 0.0550  3002s
update 147  recall 0.586  entropy 1.597  kl 0.0040  3020s
update 148  recall 0.634  entropy 1.943  kl 0.0531  3038s
update 149  recall 0.586  entropy 1.710  kl 0.0039  3055s
update 150  recall 0.628  entropy 1.453  kl 0.0537  3071s
update 151  recall 0.625  entropy 1.682  kl 0.0732  3086s
update 152  recall 0.616  entropy 1.626  kl 0.1479  3101s
update 153  recall 0.635  entropy 1.301  kl 0.0449  3119s
update 154  recall 0.662  entropy 1.365  kl 0.0732  3138s
update 155  recall 0.605  entropy 1.543  kl 0.0666  3155s
update 156  recall 0.659  entropy 1.377  kl 0.0369  3174s
update 157  recall 0.642  entropy 1.441  kl 0.0245  3190s
update 158  recall 0.598  entropy 1.316  kl 0.0946  3206s
update 159  recall 0.586  entropy 1.501  kl 0.0481  3228s
update 160  recall 0.668  entropy 1.423  kl 0.0512  3247s
update 161  recall 0.619  entropy 1.614  kl 0.0060  3262s
update 162  recall 0.601  entropy 1.071  kl 0.0689  3277s
update 163  recall 0.604  entropy 1.421  kl 0.0432  3292s
update 164  recall 0.634  entropy 1.429  kl 0.0138  3310s
update 165  recall 0.600  entropy 1.616  kl 0.0655  3326s
update 166  recall 0.594  entropy 1.617  kl 0.0198  3342s
update 167  recall 0.637  entropy 1.590  kl 0.1027  3357s
update 168  recall 0.587  entropy 1.521  kl 0.0170  3373s
update 169  recall 0.575  entropy 1.533  kl 0.0135  3388s
update 170  recall 0.650  entropy 1.239  kl 0.0267  3404s
update 171  recall 0.608  entropy 1.541  kl 0.1349  3418s
update 172  recall 0.626  entropy 1.138  kl 0.0196  3434s
update 173  recall 0.623  entropy 1.446  kl 0.0633  3450s
update 174  recall 0.629  entropy 1.465  kl 0.0884  3468s
update 175  recall 0.660  entropy 1.529  kl 0.0373  3487s
update 176  recall 0.622  entropy 1.343  kl 0.0242  3507s
update 177  recall 0.569  entropy 1.248  kl 0.0645  3524s
update 178  recall 0.601  entropy 1.551  kl 0.0884  3541s
update 179  recall 0.609  entropy 1.314  kl 0.0340  3559s
update 180  recall 0.645  entropy 1.281  kl 0.0380  3578s
update 181  recall 0.624  entropy 1.363  kl 0.0005  3597s
update 182  recall 0.625  entropy 1.299  kl 0.0751  3614s
update 183  recall 0.582  entropy 1.445  kl 0.0345  3634s
update 184  recall 0.586  entropy 1.291  kl 0.0188  3652s
update 185  recall 0.602  entropy 1.791  kl 0.0371  3667s
update 186  recall 0.620  entropy 1.476  kl 0.0398  3683s
update 187  recall 0.664  entropy 1.679  kl 0.0220  3700s
update 188  recall 0.603  entropy 1.699  kl 0.0067  3716s
update 189  recall 0.623  entropy 1.599  kl 0.1456  3732s
update 190  recall 0.613  entropy 1.315  kl 0.0240  3747s
update 191  recall 0.647  entropy 1.582  kl 0.2137  3762s
update 192  recall 0.644  entropy 1.474  kl 0.0766  3776s
update 193  recall 0.664  entropy 1.561  kl 0.0784  3791s
update 194  recall 0.666  entropy 1.376  kl 0.0019  3806s
update 195  recall 0.671  entropy 1.560  kl 0.0007  3821s
update 196  recall 0.612  entropy 1.363  kl 0.0083  3836s
update 197  recall 0.625  entropy 1.611  kl 0.0058  3850s
update 198  recall 0.647  entropy 1.423  kl 0.0186  3865s
update 199  recall 0.649  entropy 1.285  kl 0.0226  3881s

saved results/fleet/ppo_s3.pt

held-out drift seeds (not used in training):
  ppo                        recall 0.650 +/- 0.052
  top-k                      recall 0.570 +/- 0.098
  yield-triggered(drop=0.5)  recall 0.594 +/- 0.085
