update   0  recall 0.421  entropy 3.211  kl 0.0612  17s
update   1  recall 0.395  entropy 3.182  kl 0.0438  41s
update   2  recall 0.445  entropy 3.150  kl 0.0516  59s
update   3  recall 0.431  entropy 3.103  kl 0.0704  76s
update   4  recall 0.519  entropy 3.093  kl 0.0479  92s
update   5  recall 0.430  entropy 3.063  kl 0.0469  111s
update   6  recall 0.465  entropy 2.989  kl 0.0783  127s
update   7  recall 0.463  entropy 2.955  kl 0.0150  145s
update   8  recall 0.518  entropy 2.837  kl 0.0319  161s
update   9  recall 0.514  entropy 2.740  kl 0.0550  178s
update  10  recall 0.492  entropy 2.758  kl 0.1741  197s
update  11  recall 0.515  entropy 2.728  kl 0.0282  212s
update  12  recall 0.509  entropy 2.624  kl 0.0285  230s
update  13  recall 0.493  entropy 2.806  kl 0.0132  246s
update  14  recall 0.532  entropy 2.626  kl 0.0250  264s
update  15  recall 0.558  entropy 2.642  kl 0.0433  281s
update  16  recall 0.580  entropy 2.505  kl 0.0057  300s
update  17  recall 0.540  entropy 2.380  kl 0.0154  320s
update  18  recall 0.539  entropy 2.359  kl 0.0774  338s
update  19  recall 0.571  entropy 2.392  kl 0.0292  357s
update  20  recall 0.498  entropy 2.441  kl 0.0071  378s
update  21  recall 0.543  entropy 2.399  kl 0.0090  398s
update  22  recall 0.555  entropy 2.292  kl 0.0010  415s
update  23  recall 0.563  entropy 2.463  kl 0.0824  433s
update  24  recall 0.548  entropy 2.393  kl 0.0077  454s
update  25  recall 0.520  entropy 2.444  kl 0.2175  476s
update  26  recall 0.531  entropy 2.339  kl 0.0032  500s
update  27  recall 0.591  entropy 2.456  kl 0.0467  520s
update  28  recall 0.574  entropy 2.267  kl 0.0370  539s
update  29  recall 0.506  entropy 2.294  kl 0.0597  557s
update  30  recall 0.507  entropy 2.252  kl 0.0723  578s
update  31  recall 0.554  entropy 2.298  kl 0.0438  600s
update  32  recall 0.574  entropy 2.233  kl 0.0543  624s
update  33  recall 0.549  entropy 2.252  kl 0.0246  645s
update  34  recall 0.550  entropy 2.114  kl 0.0238  665s
update  35  recall 0.543  entropy 2.046  kl 0.0539  695s
update  36  recall 0.565  entropy 2.010  kl 0.0071  715s
update  37  recall 0.553  entropy 1.926  kl 0.0272  746s
update  38  recall 0.605  entropy 1.806  kl 0.1160  772s
update  39  recall 0.566  entropy 2.081  kl 0.0451  796s
update  40  recall 0.617  entropy 1.692  kl 0.0533  821s
update  41  recall 0.559  entropy 1.968  kl 0.0450  848s
update  42  recall 0.648  entropy 1.694  kl 0.0028  876s
update  43  recall 0.624  entropy 2.012  kl 0.0828  903s
update  44  recall 0.536  entropy 2.012  kl 0.0175  934s
update  45  recall 0.582  entropy 1.720  kl 0.0390  963s
update  46  recall 0.621  entropy 2.126  kl 0.0618  987s
update  47  recall 0.565  entropy 1.639  kl 0.0548  1015s
update  48  recall 0.575  entropy 1.603  kl 0.0152  1039s
update  49  recall 0.603  entropy 1.575  kl 0.0392  1067s
update  50  recall 0.599  entropy 1.710  kl 0.0377  1092s
update  51  recall 0.611  entropy 1.653  kl 0.0253  1122s
update  52  recall 0.588  entropy 1.541  kl 0.0350  1150s
update  53  recall 0.582  entropy 1.579  kl 0.0514  1170s
update  54  recall 0.575  entropy 1.820  kl 0.0362  1196s
update  55  recall 0.605  entropy 1.260  kl 0.1366  1222s
update  56  recall 0.652  entropy 1.385  kl 0.0393  1242s
update  57  recall 0.584  entropy 1.530  kl 0.0418  1264s
update  58  recall 0.610  entropy 1.557  kl 0.0197  1290s
update  59  recall 0.595  entropy 1.231  kl 0.0150  1322s
update  60  recall 0.614  entropy 1.236  kl 0.0111  1346s
update  61  recall 0.603  entropy 1.777  kl 0.0045  1368s
update  62  recall 0.592  entropy 1.650  kl 0.0743  1392s
update  63  recall 0.603  entropy 1.968  kl 0.0630  1414s
update  64  recall 0.586  entropy 1.563  kl 0.0468  1431s
update  65  recall 0.598  entropy 1.481  kl 0.1185  1451s
update  66  recall 0.591  entropy 1.734  kl 0.0231  1474s
update  67  recall 0.557  entropy 2.138  kl 0.0784  1493s
update  68  recall 0.589  entropy 1.608  kl 0.0931  1514s
update  69  recall 0.580  entropy 1.580  kl 0.0474  1535s
update  70  recall 0.624  entropy 1.335  kl 0.0183  1561s
update  71  recall 0.639  entropy 1.476  kl 0.0349  1581s
update  72  recall 0.632  entropy 1.032  kl 0.0469  1600s
update  73  recall 0.625  entropy 1.722  kl 0.0131  1620s
update  74  recall 0.628  entropy 1.544  kl 0.0002  1639s
update  75  recall 0.583  entropy 1.364  kl 0.0631  1656s
update  76  recall 0.600  entropy 1.647  kl 0.0984  1676s
update  77  recall 0.621  entropy 1.712  kl 0.0085  1694s
update  78  recall 0.597  entropy 1.413  kl 0.0618  1714s
update  79  recall 0.602  entropy 1.219  kl 0.0681  1733s
update  80  recall 0.652  entropy 1.336  kl 0.0684  1755s
update  81  recall 0.587  entropy 1.563  kl 0.0227  1775s
update  82  recall 0.539  entropy 0.975  kl 0.0315  1795s
update  83  recall 0.556  entropy 0.932  kl 0.0271  1820s
update  84  recall 0.633  entropy 1.077  kl 0.0487  1848s
update  85  recall 0.593  entropy 1.549  kl 0.0021  1868s
update  86  recall 0.650  entropy 1.205  kl 0.0847  1884s
update  87  recall 0.640  entropy 0.947  kl 0.0400  1900s
update  88  recall 0.588  entropy 1.346  kl 0.0548  1929s
update  89  recall 0.565  entropy 1.200  kl 0.0153  1954s
update  90  recall 0.637  entropy 1.308  kl 0.0722  1977s
update  91  recall 0.574  entropy 0.891  kl 0.0040  1997s
update  92  recall 0.653  entropy 1.444  kl 0.0826  2013s
update  93  recall 0.637  entropy 1.430  kl 0.0893  2031s
update  94  recall 0.558  entropy 1.509  kl 0.0717  2049s
update  95  recall 0.583  entropy 1.478  kl 0.0347  2070s
update  96  recall 0.523  entropy 1.482  kl 0.0586  2090s
update  97  recall 0.596  entropy 1.735  kl 0.0342  2111s
update  98  recall 0.553  entropy 1.692  kl 0.0119  2131s
update  99  recall 0.595  entropy 1.562  kl 0.0331  2148s
update 100  recall 0.600  entropy 1.512  kl 0.1072  2169s
update 101  recall 0.578  entropy 1.945  kl 0.0213  2187s
update 102  recall 0.564  entropy 2.079  kl 0.0317  2211s
update 103  recall 0.582  entropy 1.980  kl 0.0809  2235s
update 104  recall 0.601  entropy 2.158  kl 0.0057  2257s
update 105  recall 0.643  entropy 1.825  kl 0.0934  2278s
update 106  recall 0.584  entropy 1.949  kl 0.0070  2299s
update 107  recall 0.588  entropy 1.873  kl 0.0783  2318s
update 108  recall 0.606  entropy 1.978  kl 0.0526  2336s
update 109  recall 0.605  entropy 2.187  kl 0.0335  2355s
update 110  recall 0.555  entropy 1.668  kl 0.1166  2375s
update 111  recall 0.622  entropy 1.627  kl 0.0461  2394s
update 112  recall 0.560  entropy 1.839  kl 0.0526  2417s
update 113  recall 0.611  entropy 1.930  kl 0.0480  2441s
update 114  recall 0.622  entropy 1.435  kl 0.0468  2460s
update 115  recall 0.535  entropy 1.903  kl 0.0521  2479s
update 116  recall 0.641  entropy 1.666  kl 0.0448  2495s
update 117  recall 0.637  entropy 1.675  kl 0.0380  2513s
update 118  recall 0.673  entropy 1.697  kl 0.0695  2529s
update 119  recall 0.647  entropy 1.715  kl 0.0444  2548s
update 120  recall 0.601  entropy 1.766  kl 0.0808  2568s
update 121  recall 0.551  entropy 1.849  kl 0.0128  2588s
update 122  recall 0.595  entropy 1.903  kl 0.0099  2608s
update 123  recall 0.600  entropy 1.780  kl 0.0136  2627s
update 124  recall 0.624  entropy 1.487  kl 0.0155  2645s
update 125  recall 0.592  entropy 1.351  kl 0.0257  2662s
update 126  recall 0.611  entropy 1.870  kl 0.0267  2678s
update 127  recall 0.655  entropy 1.850  kl 0.0623  2693s
update 128  recall 0.576  entropy 1.741  kl 0.0131  2711s
update 129  recall 0.563  entropy 1.767  kl 0.0482  2727s
update 130  recall 0.587  entropy 1.441  kl 0.0596  2744s
update 131  recall 0.599  entropy 1.566  kl 0.0068  2760s
update 132  recall 0.577  entropy 1.676  kl 0.1008  2777s
update 133  recall 0.647  entropy 1.590  kl 0.0676  2797s
update 134  recall 0.619  entropy 1.832  kl 0.0215  2814s
update 135  recall 0.570  entropy 1.487  kl 0.0204  2833s
update 136  recall 0.609  entropy 1.832  kl 0.1295  2854s
update 137  recall 0.568  entropy 1.651  kl 0.0193  2871s
update 138  recall 0.650  entropy 1.629  kl 0.0247  2890s
update 139  recall 0.646  entropy 1.243  kl 0.0054  2909s
update 140  recall 0.617  entropy 1.751  kl 0.0448  2927s
update 141  recall 0.586  entropy 1.795  kl 0.1253  2944s
update 142  recall 0.587  entropy 1.616  kl 0.0300  2962s
update 143  recall 0.605  entropy 1.665  kl 0.0325  2977s
update 144  recall 0.629  entropy 1.902  kl 0.0280  2995s
update 145  recall 0.608  entropy 1.853  kl 0.0057  3015s
update 146  recall 0.645  entropy 1.709  kl 0.0273  3034s
update 147  recall 0.639  entropy 2.001  kl 0.0245  3052s
update 148  recall 0.619  entropy 1.812  kl 0.0459  3068s
update 149  recall 0.612  entropy 1.636  kl 0.0206  3084s
update 150  recall 0.586  entropy 1.879  kl 0.0237  3099s
update 151  recall 0.583  entropy 1.695  kl 0.0179  3117s
update 152  recall 0.596  entropy 2.034  kl 0.1251  3136s
update 153  recall 0.580  entropy 2.047  kl 0.0113  3153s
update 154  recall 0.572  entropy 1.805  kl 0.0479  3172s
update 155  recall 0.580  entropy 1.686  kl 0.0287  3189s
update 156  recall 0.593  entropy 1.997  kl 0.1099  3204s
update 157  recall 0.595  entropy 1.827  kl 0.0283  3226s
update 158  recall 0.527  entropy 1.714  kl 0.2900  3246s
update 159  recall 0.530  entropy 1.972  kl 0.0501  3261s
update 160  recall 0.585  entropy 1.951  kl 0.0494  3276s
update 161  recall 0.594  entropy 2.142  kl 0.0031  3292s
update 162  recall 0.522  entropy 2.023  kl 0.0093  3309s
update 163  recall 0.616  entropy 2.189  kl 0.0964  3326s
update 164  recall 0.574  entropy 1.696  kl 0.0466  3342s
update 165  recall 0.553  entropy 1.809  kl 0.0431  3357s
update 166  recall 0.563  entropy 2.190  kl 0.0024  3374s
update 167  recall 0.550  entropy 2.222  kl 0.0334  3389s
update 168  recall 0.579  entropy 1.885  kl 0.0509  3405s
update 169  recall 0.559  entropy 1.951  kl 0.0894  3419s
update 170  recall 0.602  entropy 1.893  kl 0.0052  3436s
update 171  recall 0.587  entropy 1.634  kl 0.0437  3452s
update 172  recall 0.557  entropy 1.815  kl 0.0068  3472s
update 173  recall 0.584  entropy 1.644  kl 0.0464  3493s
update 174  recall 0.612  entropy 1.839  kl 0.0411  3512s
update 175  recall 0.587  entropy 2.077  kl 0.0351  3530s
update 176  recall 0.614  entropy 2.008  kl 0.0322  3547s
update 177  recall 0.596  entropy 1.702  kl 0.0058  3568s
update 178  recall 0.571  entropy 2.180  kl 0.0459  3587s
update 179  recall 0.592  entropy 2.062  kl 0.0414  3605s
update 180  recall 0.560  entropy 2.202  kl 0.0098  3625s
update 181  recall 0.547  entropy 2.172  kl 0.0158  3645s
update 182  recall 0.587  entropy 1.825  kl 0.0200  3661s
update 183  recall 0.583  entropy 2.163  kl 0.0071  3677s
update 184  recall 0.605  entropy 2.003  kl 0.0972  3694s
update 185  recall 0.629  entropy 2.300  kl 0.0013  3709s
update 186  recall 0.591  entropy 1.991  kl 0.0140  3727s
update 187  recall 0.581  entropy 1.927  kl 0.0781  3743s
update 188  recall 0.563  entropy 1.939  kl 0.0293  3759s
update 189  recall 0.603  entropy 1.892  kl 0.1276  3774s
update 190  recall 0.588  entropy 1.878  kl 0.0714  3788s
update 191  recall 0.579  entropy 1.782  kl 0.0418  3803s
update 192  recall 0.589  entropy 1.793  kl 0.0089  3819s
update 193  recall 0.604  entropy 1.831  kl 0.0768  3833s
update 194  recall 0.559  entropy 1.814  kl 0.0385  3848s
update 195  recall 0.543  entropy 1.781  kl 0.0593  3863s
update 196  recall 0.632  entropy 1.731  kl 0.0426  3879s
update 197  recall 0.636  entropy 1.653  kl 0.0013  3895s
update 198  recall 0.622  entropy 1.712  kl 0.0457  3911s
update 199  recall 0.616  entropy 1.927  kl 0.0977  3925s

saved results/fleet/ppo_s1.pt

held-out drift seeds (not used in training):
  ppo                        recall 0.606 +/- 0.059
  top-k                      recall 0.570 +/- 0.098
  yield-triggered(drop=0.5)  recall 0.594 +/- 0.085
