update   0  recall 0.427  entropy 3.207  kl 0.0039  17s
update   1  recall 0.371  entropy 3.193  kl 0.0053  41s
update   2  recall 0.402  entropy 3.148  kl 0.0454  59s
update   3  recall 0.412  entropy 3.117  kl 0.0991  76s
update   4  recall 0.409  entropy 3.071  kl 0.0428  92s
update   5  recall 0.470  entropy 3.091  kl 0.1721  111s
update   6  recall 0.401  entropy 3.068  kl 0.0428  126s
update   7  recall 0.487  entropy 3.071  kl 0.0226  144s
update   8  recall 0.443  entropy 3.010  kl 0.0349  160s
update   9  recall 0.462  entropy 2.923  kl 0.0150  176s
update  10  recall 0.519  entropy 2.859  kl 0.0306  194s
update  11  recall 0.511  entropy 2.792  kl 0.0484  210s
update  12  recall 0.501  entropy 2.747  kl 0.0668  228s
update  13  recall 0.560  entropy 2.724  kl 0.0540  245s
update  14  recall 0.576  entropy 2.726  kl 0.0489  262s
update  15  recall 0.526  entropy 2.607  kl 0.0389  279s
update  16  recall 0.557  entropy 2.613  kl 0.0311  298s
update  17  recall 0.583  entropy 2.481  kl 0.0161  318s
update  18  recall 0.573  entropy 2.406  kl 0.0285  335s
update  19  recall 0.549  entropy 2.385  kl 0.0408  355s
update  20  recall 0.544  entropy 2.404  kl 0.0770  374s
update  21  recall 0.533  entropy 2.271  kl 0.0072  394s
update  22  recall 0.567  entropy 2.104  kl 0.1013  412s
update  23  recall 0.535  entropy 2.087  kl 0.0363  430s
update  24  recall 0.626  entropy 2.041  kl 0.3407  450s
update  25  recall 0.544  entropy 2.069  kl 0.0634  473s
update  26  recall 0.620  entropy 2.021  kl 0.0380  494s
update  27  recall 0.563  entropy 2.072  kl 0.0249  517s
update  28  recall 0.570  entropy 2.047  kl 0.0286  536s
update  29  recall 0.540  entropy 2.036  kl 0.0322  554s
update  30  recall 0.589  entropy 1.855  kl 0.0701  574s
update  31  recall 0.592  entropy 1.722  kl 0.0850  596s
update  32  recall 0.596  entropy 1.927  kl 0.1605  619s
update  33  recall 0.550  entropy 2.070  kl 0.0545  640s
update  34  recall 0.589  entropy 1.621  kl 0.0300  660s
update  35  recall 0.607  entropy 1.672  kl 0.0723  688s
update  36  recall 0.656  entropy 1.539  kl 0.0089  710s
update  37  recall 0.608  entropy 1.878  kl 0.0141  738s
update  38  recall 0.583  entropy 1.353  kl 0.0407  765s
update  39  recall 0.569  entropy 1.516  kl 0.0600  787s
update  40  recall 0.578  entropy 1.787  kl 0.0700  811s
update  41  recall 0.653  entropy 1.490  kl 0.0570  839s
update  42  recall 0.569  entropy 1.832  kl 0.1170  866s
update  43  recall 0.607  entropy 1.614  kl 0.0516  894s
update  44  recall 0.612  entropy 1.866  kl 0.0452  922s
update  45  recall 0.550  entropy 2.123  kl 0.1750  952s
update  46  recall 0.607  entropy 1.849  kl 0.0141  978s
update  47  recall 0.619  entropy 1.982  kl 0.1266  1002s
update  48  recall 0.555  entropy 2.184  kl 0.1533  1028s
update  49  recall 0.627  entropy 2.084  kl 0.0479  1055s
update  50  recall 0.589  entropy 2.050  kl 0.1262  1080s
update  51  recall 0.595  entropy 1.881  kl 0.0423  1106s
update  52  recall 0.603  entropy 1.874  kl 0.0534  1134s
update  53  recall 0.592  entropy 1.799  kl 0.0032  1158s
update  54  recall 0.589  entropy 1.709  kl 0.0223  1181s
update  55  recall 0.608  entropy 1.747  kl 0.0115  1207s
update  56  recall 0.574  entropy 1.752  kl 0.0370  1229s
update  57  recall 0.602  entropy 1.752  kl 0.0434  1249s
update  58  recall 0.603  entropy 1.660  kl 0.0251  1272s
update  59  recall 0.598  entropy 1.379  kl 0.0169  1297s
update  60  recall 0.625  entropy 1.670  kl 0.0582  1330s
update  61  recall 0.602  entropy 1.408  kl 0.0080  1352s
update  62  recall 0.615  entropy 1.451  kl 0.2690  1374s
update  63  recall 0.624  entropy 1.601  kl 0.0433  1396s
update  64  recall 0.587  entropy 1.747  kl 0.0881  1417s
update  65  recall 0.610  entropy 1.524  kl 0.0482  1436s
update  66  recall 0.660  entropy 1.751  kl 0.0310  1454s
update  67  recall 0.617  entropy 1.710  kl 0.0160  1476s
update  68  recall 0.602  entropy 1.472  kl 0.1359  1496s
update  69  recall 0.588  entropy 1.730  kl 0.1238  1517s
update  70  recall 0.597  entropy 1.442  kl 0.0395  1539s
update  71  recall 0.623  entropy 1.544  kl 0.1286  1563s
update  72  recall 0.596  entropy 1.422  kl 0.0496  1583s
update  73  recall 0.651  entropy 1.427  kl 0.0155  1601s
update  74  recall 0.604  entropy 1.399  kl 0.0596  1621s
update  75  recall 0.624  entropy 1.349  kl 0.0221  1639s
update  76  recall 0.641  entropy 1.369  kl 0.0312  1658s
update  77  recall 0.602  entropy 1.554  kl 0.0092  1676s
update  78  recall 0.643  entropy 1.322  kl 0.0100  1694s
update  79  recall 0.633  entropy 1.214  kl 0.0323  1714s
update  80  recall 0.638  entropy 1.169  kl 0.0376  1732s
update  81  recall 0.614  entropy 1.151  kl 0.0711  1754s
update  82  recall 0.644  entropy 1.433  kl 0.1516  1773s
update  83  recall 0.618  entropy 1.288  kl 0.0034  1793s
update  84  recall 0.667  entropy 1.193  kl 0.0049  1817s
update  85  recall 0.621  entropy 1.309  kl 0.0551  1843s
update  86  recall 0.629  entropy 1.318  kl 0.0627  1865s
update  87  recall 0.643  entropy 1.178  kl 0.0375  1881s
update  88  recall 0.620  entropy 1.264  kl 0.0213  1897s
update  89  recall 0.662  entropy 1.094  kl 0.0635  1925s
update  90  recall 0.612  entropy 1.522  kl 0.1105  1950s
update  91  recall 0.648  entropy 1.247  kl 0.0125  1972s
update  92  recall 0.612  entropy 1.285  kl 0.0116  1992s
update  93  recall 0.639  entropy 1.072  kl 0.0289  2009s
update  94  recall 0.658  entropy 1.161  kl 0.0510  2026s
update  95  recall 0.584  entropy 1.145  kl 0.0971  2044s
update  96  recall 0.618  entropy 1.285  kl 0.0759  2064s
update  97  recall 0.611  entropy 1.016  kl 0.0115  2084s
update  98  recall 0.580  entropy 1.279  kl 0.0283  2105s
update  99  recall 0.626  entropy 1.191  kl 0.0014  2124s
update 100  recall 0.652  entropy 1.015  kl 0.0843  2142s
update 101  recall 0.642  entropy 1.360  kl 0.0208  2162s
update 102  recall 0.640  entropy 1.143  kl 0.0756  2180s
update 103  recall 0.648  entropy 1.055  kl 0.0351  2199s
update 104  recall 0.661  entropy 1.042  kl 0.0482  2225s
update 105  recall 0.640  entropy 1.339  kl 0.1687  2246s
update 106  recall 0.628  entropy 1.480  kl 0.0111  2268s
update 107  recall 0.609  entropy 1.287  kl 0.0623  2289s
update 108  recall 0.667  entropy 1.023  kl 0.0567  2307s
update 109  recall 0.592  entropy 1.473  kl 0.0858  2326s
update 110  recall 0.618  entropy 1.186  kl 0.0988  2346s
update 111  recall 0.679  entropy 1.110  kl 0.0892  2364s
update 112  recall 0.651  entropy 1.255  kl 0.0154  2384s
update 113  recall 0.620  entropy 1.176  kl 0.0624  2404s
update 114  recall 0.579  entropy 1.287  kl 0.0205  2426s
update 115  recall 0.636  entropy 1.271  kl 0.0509  2448s
update 116  recall 0.638  entropy 1.394  kl 0.0326  2466s
update 117  recall 0.595  entropy 1.325  kl 0.0131  2483s
update 118  recall 0.603  entropy 1.320  kl 0.0259  2499s
update 119  recall 0.636  entropy 1.421  kl 0.0587  2517s
update 120  recall 0.605  entropy 1.263  kl 0.0587  2532s
update 121  recall 0.631  entropy 1.347  kl 0.0273  2550s
update 122  recall 0.644  entropy 1.248  kl 0.0362  2570s
update 123  recall 0.670  entropy 1.338  kl 0.0188  2590s
update 124  recall 0.686  entropy 1.376  kl 0.0961  2608s
update 125  recall 0.683  entropy 1.231  kl 0.0585  2628s
update 126  recall 0.649  entropy 0.964  kl 0.0318  2645s
update 127  recall 0.641  entropy 0.908  kl 0.0264  2661s
update 128  recall 0.604  entropy 0.826  kl 0.0072  2676s
update 129  recall 0.665  entropy 0.882  kl 0.0250  2692s
update 130  recall 0.586  entropy 0.791  kl 0.1150  2711s
update 131  recall 0.644  entropy 1.064  kl 0.0252  2726s
update 132  recall 0.646  entropy 1.102  kl 0.0508  2741s
update 133  recall 0.638  entropy 0.948  kl 0.0334  2758s
update 134  recall 0.644  entropy 1.091  kl 0.0161  2774s
update 135  recall 0.633  entropy 0.972  kl 0.0208  2793s
update 136  recall 0.706  entropy 1.035  kl 0.1021  2810s
update 137  recall 0.636  entropy 1.330  kl 0.0369  2826s
update 138  recall 0.554  entropy 1.102  kl 0.0386  2847s
update 139  recall 0.635  entropy 1.207  kl 0.0135  2866s
update 140  recall 0.616  entropy 1.192  kl 0.0221  2883s
update 141  recall 0.624  entropy 1.133  kl 0.0290  2900s
update 142  recall 0.656  entropy 1.155  kl 0.0036  2919s
update 143  recall 0.651  entropy 1.428  kl 0.0093  2935s
update 144  recall 0.643  entropy 0.979  kl 0.0027  2954s
update 145  recall 0.633  entropy 1.146  kl 0.0366  2969s
update 146  recall 0.681  entropy 1.198  kl 0.0470  2984s
update 147  recall 0.712  entropy 1.272  kl 0.0340  3004s
update 148  recall 0.673  entropy 1.480  kl 0.0231  3022s
update 149  recall 0.632  entropy 1.178  kl 0.0165  3042s
update 150  recall 0.666  entropy 1.312  kl 0.0138  3057s
update 151  recall 0.586  entropy 1.155  kl 0.0068  3073s
update 152  recall 0.632  entropy 1.389  kl 0.1157  3088s
update 153  recall 0.637  entropy 1.381  kl 0.1122  3103s
update 154  recall 0.638  entropy 1.150  kl 0.0287  3121s
update 155  recall 0.669  entropy 1.601  kl 0.1517  3139s
update 156  recall 0.632  entropy 1.447  kl 0.0171  3157s
update 157  recall 0.614  entropy 1.330  kl 0.0159  3177s
update 158  recall 0.688  entropy 1.374  kl 0.0650  3192s
update 159  recall 0.637  entropy 1.421  kl 0.0576  3208s
update 160  recall 0.646  entropy 1.084  kl 0.1345  3230s
update 161  recall 0.694  entropy 1.024  kl 0.1049  3248s
update 162  recall 0.651  entropy 1.322  kl 0.0270  3263s
update 163  recall 0.677  entropy 1.456  kl 0.0973  3278s
update 164  recall 0.715  entropy 1.237  kl 0.0786  3294s
update 165  recall 0.646  entropy 1.138  kl 0.1131  3312s
update 166  recall 0.681  entropy 1.138  kl 0.0188  3328s
update 167  recall 0.616  entropy 1.256  kl 0.0509  3343s
update 168  recall 0.656  entropy 0.833  kl 0.0246  3358s
update 169  recall 0.671  entropy 0.988  kl 0.0465  3374s
update 170  recall 0.665  entropy 1.128  kl 0.1117  3390s
update 171  recall 0.643  entropy 0.965  kl 0.0353  3405s
update 172  recall 0.675  entropy 0.800  kl 0.1276  3419s
update 173  recall 0.679  entropy 1.190  kl 0.0207  3435s
update 174  recall 0.649  entropy 1.258  kl 0.0103  3452s
update 175  recall 0.686  entropy 0.859  kl 0.0780  3470s
update 176  recall 0.678  entropy 0.967  kl 0.0369  3489s
update 177  recall 0.634  entropy 0.827  kl 0.0363  3508s
update 178  recall 0.704  entropy 0.727  kl 0.0104  3526s
update 179  recall 0.695  entropy 0.587  kl 0.0458  3543s
update 180  recall 0.647  entropy 1.103  kl 0.0442  3563s
update 181  recall 0.669  entropy 0.845  kl 0.0307  3583s
update 182  recall 0.696  entropy 1.084  kl 0.0285  3601s
update 183  recall 0.689  entropy 0.737  kl 0.1065  3619s
update 184  recall 0.682  entropy 0.512  kl 0.0020  3638s
update 185  recall 0.691  entropy 0.910  kl 0.0781  3656s
update 186  recall 0.681  entropy 0.956  kl 0.0501  3671s
update 187  recall 0.636  entropy 1.288  kl 0.0125  3686s
update 188  recall 0.665  entropy 1.167  kl 0.0595  3702s
update 189  recall 0.628  entropy 1.093  kl 0.0306  3718s
update 190  recall 0.658  entropy 1.183  kl 0.0964  3734s
update 191  recall 0.690  entropy 0.810  kl 0.0363  3749s
update 192  recall 0.689  entropy 0.950  kl 0.0426  3764s
update 193  recall 0.600  entropy 0.780  kl 0.0089  3778s
update 194  recall 0.681  entropy 0.807  kl 0.0033  3792s
update 195  recall 0.652  entropy 1.089  kl 0.0004  3806s
update 196  recall 0.682  entropy 1.089  kl 0.0362  3821s
update 197  recall 0.614  entropy 1.322  kl 0.1476  3834s
update 198  recall 0.653  entropy 1.090  kl 0.0083  3848s
update 199  recall 0.659  entropy 0.999  kl 0.0426  3862s

saved results/fleet/ppo_s2.pt

held-out drift seeds (not used in training):
  ppo                        recall 0.697 +/- 0.069
  top-k                      recall 0.570 +/- 0.098
  yield-triggered(drop=0.5)  recall 0.594 +/- 0.085
