update   0  recall 0.395  entropy 3.207  kl 0.0161  17s
update   1  recall 0.377  entropy 3.194  kl 0.0016  40s
update   2  recall 0.436  entropy 3.168  kl 0.0176  59s
update   3  recall 0.430  entropy 3.098  kl 0.1207  75s
update   4  recall 0.459  entropy 3.020  kl 0.1111  92s
update   5  recall 0.468  entropy 3.025  kl 0.1153  110s
update   6  recall 0.488  entropy 2.946  kl 0.0131  126s
update   7  recall 0.489  entropy 2.925  kl 0.0141  143s
update   8  recall 0.447  entropy 2.882  kl 0.0224  160s
update   9  recall 0.477  entropy 2.788  kl 0.0134  176s
update  10  recall 0.509  entropy 2.780  kl 0.0132  194s
update  11  recall 0.522  entropy 2.750  kl 0.0017  211s
update  12  recall 0.543  entropy 2.771  kl 0.1196  228s
update  13  recall 0.578  entropy 2.727  kl 0.0124  244s
update  14  recall 0.565  entropy 2.684  kl 0.0584  262s
update  15  recall 0.512  entropy 2.578  kl 0.0886  278s
update  16  recall 0.536  entropy 2.499  kl 0.0305  296s
update  17  recall 0.526  entropy 2.508  kl 0.0939  317s
update  18  recall 0.518  entropy 2.516  kl 0.0319  333s
update  19  recall 0.567  entropy 2.421  kl 0.0756  352s
update  20  recall 0.525  entropy 2.377  kl 0.0045  372s
update  21  recall 0.535  entropy 2.486  kl 0.0738  393s
update  22  recall 0.553  entropy 2.435  kl 0.0903  410s
update  23  recall 0.547  entropy 2.341  kl 0.0219  427s
update  24  recall 0.530  entropy 2.344  kl 0.0384  448s
update  25  recall 0.554  entropy 2.180  kl 0.0480  470s
update  26  recall 0.557  entropy 2.060  kl 0.0300  491s
update  27  recall 0.566  entropy 2.142  kl 0.0214  515s
update  28  recall 0.612  entropy 2.224  kl 0.0071  532s
update  29  recall 0.546  entropy 2.137  kl 0.0104  550s
update  30  recall 0.571  entropy 1.950  kl 0.0069  570s
update  31  recall 0.548  entropy 1.854  kl 0.0184  592s
update  32  recall 0.608  entropy 2.021  kl 0.0197  615s
update  33  recall 0.620  entropy 2.150  kl 0.0177  637s
update  34  recall 0.546  entropy 2.082  kl 0.0456  657s
update  35  recall 0.594  entropy 2.055  kl 0.0933  683s
update  36  recall 0.551  entropy 2.227  kl 0.1223  705s
update  37  recall 0.562  entropy 2.324  kl 0.1197  731s
update  38  recall 0.603  entropy 2.190  kl 0.0400  760s
update  39  recall 0.595  entropy 2.366  kl 0.0036  783s
update  40  recall 0.574  entropy 2.601  kl 0.0010  806s
update  41  recall 0.515  entropy 2.254  kl 0.1183  833s
update  42  recall 0.476  entropy 2.306  kl 0.0325  860s
update  43  recall 0.610  entropy 2.340  kl 0.0133  889s
update  44  recall 0.557  entropy 2.398  kl 0.0295  912s
update  45  recall 0.495  entropy 2.134  kl 0.0483  945s
update  46  recall 0.614  entropy 2.165  kl 0.0964  973s
update  47  recall 0.581  entropy 2.301  kl 0.0169  997s
update  48  recall 0.575  entropy 1.918  kl 0.0087  1023s
update  49  recall 0.601  entropy 2.189  kl 0.0238  1053s
update  50  recall 0.575  entropy 2.072  kl 0.1052  1078s
update  51  recall 0.554  entropy 1.942  kl 0.0224  1103s
update  52  recall 0.598  entropy 1.892  kl 0.0252  1133s
update  53  recall 0.630  entropy 1.923  kl 0.0899  1158s
update  54  recall 0.559  entropy 2.081  kl 0.0006  1180s
update  55  recall 0.597  entropy 2.345  kl 0.0328  1206s
update  56  recall 0.626  entropy 1.882  kl 0.0000  1230s
update  57  recall 0.545  entropy 2.215  kl 0.0352  1249s
update  58  recall 0.537  entropy 2.026  kl 0.0348  1272s
update  59  recall 0.566  entropy 2.187  kl 0.0286  1297s
update  60  recall 0.559  entropy 2.332  kl 0.0560  1330s
update  61  recall 0.576  entropy 2.010  kl 0.0996  1354s
update  62  recall 0.547  entropy 2.077  kl 0.0331  1377s
update  63  recall 0.511  entropy 2.155  kl 0.0387  1399s
update  64  recall 0.584  entropy 2.392  kl 0.0488  1420s
update  65  recall 0.547  entropy 2.139  kl 0.0184  1438s
update  66  recall 0.525  entropy 2.285  kl 0.0713  1457s
update  67  recall 0.565  entropy 2.377  kl 0.0209  1479s
update  68  recall 0.645  entropy 1.950  kl 0.0880  1501s
update  69  recall 0.535  entropy 2.175  kl 0.0042  1522s
update  70  recall 0.567  entropy 1.849  kl 0.0401  1544s
update  71  recall 0.578  entropy 2.003  kl 0.0079  1567s
update  72  recall 0.590  entropy 1.409  kl 0.0426  1588s
update  73  recall 0.618  entropy 2.198  kl 0.0388  1606s
update  74  recall 0.611  entropy 1.411  kl 0.0204  1626s
update  75  recall 0.620  entropy 1.686  kl 0.0641  1646s
update  76  recall 0.605  entropy 1.914  kl 0.0320  1663s
update  77  recall 0.634  entropy 1.595  kl 0.0678  1683s
update  78  recall 0.582  entropy 2.064  kl 0.0411  1703s
update  79  recall 0.628  entropy 1.890  kl 0.0098  1722s
update  80  recall 0.530  entropy 2.296  kl 0.0168  1740s
update  81  recall 0.556  entropy 2.253  kl 0.0258  1763s
update  82  recall 0.555  entropy 2.154  kl 0.0424  1783s
update  83  recall 0.566  entropy 2.413  kl 0.0294  1804s
update  84  recall 0.563  entropy 2.220  kl 0.0444  1826s
update  85  recall 0.635  entropy 2.054  kl 0.0302  1856s
update  86  recall 0.569  entropy 2.274  kl 0.0402  1874s
update  87  recall 0.647  entropy 1.896  kl 0.0255  1889s
update  88  recall 0.585  entropy 1.784  kl 0.0764  1908s
update  89  recall 0.587  entropy 2.006  kl 0.0138  1938s
update  90  recall 0.599  entropy 1.974  kl 0.0388  1961s
update  91  recall 0.604  entropy 1.739  kl 0.0725  1983s
update  92  recall 0.584  entropy 1.734  kl 0.0293  2002s
update  93  recall 0.629  entropy 1.717  kl 0.0516  2018s
update  94  recall 0.637  entropy 1.488  kl 0.0473  2036s
update  95  recall 0.665  entropy 1.421  kl 0.0307  2054s
update  96  recall 0.574  entropy 2.062  kl 0.0764  2074s
update  97  recall 0.617  entropy 1.918  kl 0.0279  2096s
update  98  recall 0.626  entropy 1.839  kl 0.0739  2116s
update  99  recall 0.587  entropy 2.110  kl 0.0802  2135s
update 100  recall 0.615  entropy 1.993  kl 0.0152  2154s
update 101  recall 0.622  entropy 1.456  kl 0.1558  2172s
update 102  recall 0.671  entropy 1.640  kl 0.0833  2191s
update 103  recall 0.644  entropy 1.812  kl 0.0263  2217s
update 104  recall 0.607  entropy 1.537  kl 0.0632  2240s
update 105  recall 0.670  entropy 1.454  kl 0.0774  2261s
update 106  recall 0.584  entropy 1.686  kl 0.0146  2284s
update 107  recall 0.568  entropy 1.808  kl 0.0038  2303s
update 108  recall 0.612  entropy 1.524  kl 0.0498  2320s
update 109  recall 0.606  entropy 1.540  kl 0.0271  2338s
update 110  recall 0.631  entropy 1.486  kl 0.0511  2358s
update 111  recall 0.613  entropy 1.348  kl 0.0218  2377s
update 112  recall 0.648  entropy 1.524  kl 0.0943  2396s
update 113  recall 0.547  entropy 1.877  kl 0.0505  2417s
update 114  recall 0.626  entropy 2.106  kl 0.0683  2441s
update 115  recall 0.595  entropy 1.296  kl 0.0467  2459s
update 116  recall 0.575  entropy 1.654  kl 0.0004  2476s
update 117  recall 0.638  entropy 1.701  kl 0.0788  2492s
update 118  recall 0.619  entropy 1.738  kl 0.0265  2510s
update 119  recall 0.640  entropy 1.620  kl 0.0203  2526s
update 120  recall 0.593  entropy 1.339  kl 0.0502  2543s
update 121  recall 0.588  entropy 1.547  kl 0.0092  2563s
update 122  recall 0.595  entropy 1.369  kl 0.1044  2582s
update 123  recall 0.594  entropy 1.553  kl 0.0814  2602s
update 124  recall 0.654  entropy 1.557  kl 0.0613  2622s
update 125  recall 0.613  entropy 1.416  kl 0.1217  2639s
update 126  recall 0.584  entropy 1.542  kl 0.0157  2655s
update 127  recall 0.623  entropy 1.325  kl 0.1099  2672s
update 128  recall 0.595  entropy 1.379  kl 0.0162  2688s
update 129  recall 0.589  entropy 1.390  kl 0.0098  2706s
update 130  recall 0.618  entropy 1.140  kl 0.0975  2722s
update 131  recall 0.637  entropy 1.665  kl 0.1432  2737s
update 132  recall 0.605  entropy 1.831  kl 0.1364  2753s
update 133  recall 0.627  entropy 1.473  kl 0.0461  2769s
update 134  recall 0.653  entropy 1.484  kl 0.2000  2788s
update 135  recall 0.636  entropy 1.454  kl 0.0144  2808s
update 136  recall 0.660  entropy 1.279  kl 0.0259  2822s
update 137  recall 0.624  entropy 1.463  kl 0.0204  2844s
update 138  recall 0.588  entropy 0.954  kl 0.0104  2864s
update 139  recall 0.604  entropy 1.121  kl 0.0384  2882s
update 140  recall 0.629  entropy 1.201  kl 0.1048  2899s
update 141  recall 0.637  entropy 1.546  kl 0.0165  2918s
update 142  recall 0.663  entropy 0.676  kl 0.0480  2934s
update 143  recall 0.656  entropy 0.673  kl 0.0194  2953s
update 144  recall 0.617  entropy 0.980  kl 0.0965  2968s
update 145  recall 0.625  entropy 1.070  kl 0.0594  2985s
update 146  recall 0.618  entropy 1.471  kl 0.0349  3005s
update 147  recall 0.587  entropy 1.407  kl 0.0436  3024s
update 148  recall 0.617  entropy 1.145  kl 0.0111  3044s
update 149  recall 0.636  entropy 1.318  kl 0.0056  3059s
update 150  recall 0.639  entropy 1.297  kl 0.0050  3075s
update 151  recall 0.622  entropy 1.170  kl 0.0204  3090s
update 152  recall 0.652  entropy 1.475  kl 0.0142  3106s
update 153  recall 0.549  entropy 1.178  kl 0.0126  3126s
update 154  recall 0.592  entropy 1.226  kl 0.0252  3141s
update 155  recall 0.600  entropy 1.392  kl 0.0600  3160s
update 156  recall 0.621  entropy 1.256  kl 0.0464  3180s
update 157  recall 0.594  entropy 1.284  kl 0.1003  3194s
update 158  recall 0.589  entropy 1.066  kl 0.1164  3212s
update 159  recall 0.607  entropy 1.047  kl 0.0422  3232s
update 160  recall 0.651  entropy 0.990  kl 0.0053  3250s
update 161  recall 0.575  entropy 1.446  kl 0.1571  3265s
update 162  recall 0.562  entropy 1.336  kl 0.0574  3280s
update 163  recall 0.626  entropy 1.243  kl 0.1169  3296s
update 164  recall 0.611  entropy 1.151  kl 0.0914  3313s
update 165  recall 0.640  entropy 1.275  kl 0.0284  3329s
update 166  recall 0.617  entropy 1.222  kl 0.0694  3345s
update 167  recall 0.594  entropy 1.368  kl 0.0482  3361s
update 168  recall 0.599  entropy 1.162  kl 0.0150  3376s
update 169  recall 0.618  entropy 1.395  kl 0.0097  3392s
update 170  recall 0.620  entropy 1.077  kl 0.0221  3407s
update 171  recall 0.667  entropy 1.436  kl 0.0365  3421s
update 172  recall 0.633  entropy 1.085  kl 0.0217  3437s
update 173  recall 0.656  entropy 1.715  kl 0.0789  3453s
update 174  recall 0.580  entropy 1.231  kl 0.0557  3472s
update 175  recall 0.606  entropy 1.201  kl 0.0426  3493s
update 176  recall 0.616  entropy 1.241  kl 0.0238  3512s
update 177  recall 0.621  entropy 1.283  kl 0.0275  3529s
update 178  recall 0.600  entropy 1.212  kl 0.0474  3546s
update 179  recall 0.587  entropy 1.178  kl 0.0042  3565s
update 180  recall 0.661  entropy 1.709  kl 0.2510  3585s
update 181  recall 0.610  entropy 1.281  kl 0.0049  3603s
update 182  recall 0.615  entropy 1.115  kl 0.0208  3622s
update 183  recall 0.614  entropy 1.176  kl 0.0403  3641s
update 184  recall 0.645  entropy 1.192  kl 0.0656  3658s
update 185  recall 0.629  entropy 1.115  kl 0.0653  3674s
update 186  recall 0.564  entropy 1.399  kl 0.0021  3690s
update 187  recall 0.625  entropy 1.505  kl 0.0317  3705s
update 188  recall 0.624  entropy 1.430  kl 0.0978  3723s
update 189  recall 0.653  entropy 1.260  kl 0.1363  3737s
update 190  recall 0.576  entropy 0.910  kl 0.0430  3753s
update 191  recall 0.665  entropy 1.192  kl 0.0265  3768s
update 192  recall 0.613  entropy 1.079  kl 0.0762  3782s
update 193  recall 0.610  entropy 0.891  kl 0.1021  3797s
update 194  recall 0.662  entropy 1.148  kl 0.0100  3813s
update 195  recall 0.624  entropy 1.055  kl 0.1536  3827s
update 196  recall 0.635  entropy 1.185  kl 0.0400  3841s
update 197  recall 0.630  entropy 1.067  kl 0.0851  3856s
update 198  recall 0.577  entropy 1.267  kl 0.1508  3870s
update 199  recall 0.644  entropy 1.341  kl 0.1291  3886s

saved results/fleet/ppo_s5.pt

held-out drift seeds (not used in training):
  ppo                        recall 0.664 +/- 0.061
  top-k                      recall 0.570 +/- 0.098
  yield-triggered(drop=0.5)  recall 0.594 +/- 0.085
