update   0  recall 0.316  entropy 3.208  kl 0.0274  17s
update   1  recall 0.405  entropy 3.204  kl 0.0417  42s
update   2  recall 0.382  entropy 3.177  kl 0.0150  60s
update   3  recall 0.391  entropy 3.144  kl 0.0156  76s
update   4  recall 0.406  entropy 3.129  kl 0.0215  92s
update   5  recall 0.465  entropy 3.054  kl 0.0103  111s
update   6  recall 0.447  entropy 3.018  kl 0.0525  126s
update   7  recall 0.471  entropy 2.888  kl 0.0279  143s
update   8  recall 0.547  entropy 2.901  kl 0.0545  159s
update   9  recall 0.523  entropy 2.890  kl 0.0436  176s
update  10  recall 0.492  entropy 2.741  kl 0.0430  194s
update  11  recall 0.488  entropy 2.779  kl 0.0353  210s
update  12  recall 0.484  entropy 2.790  kl 0.0564  228s
update  13  recall 0.573  entropy 2.900  kl 0.0629  244s
update  14  recall 0.556  entropy 2.736  kl 0.0009  262s
update  15  recall 0.525  entropy 2.834  kl 0.0185  278s
update  16  recall 0.513  entropy 2.707  kl 0.0220  296s
update  17  recall 0.538  entropy 2.835  kl 0.0480  316s
update  18  recall 0.535  entropy 2.643  kl 0.0125  332s
update  19  recall 0.488  entropy 2.724  kl 0.0666  351s
update  20  recall 0.492  entropy 2.804  kl 0.0246  371s
update  21  recall 0.569  entropy 2.428  kl 0.0841  392s
update  22  recall 0.514  entropy 2.481  kl 0.0062  409s
update  23  recall 0.508  entropy 2.457  kl 0.0595  426s
update  24  recall 0.567  entropy 2.461  kl 0.0547  446s
update  25  recall 0.568  entropy 2.459  kl 0.0548  469s
update  26  recall 0.591  entropy 2.428  kl 0.0595  489s
update  27  recall 0.540  entropy 2.455  kl 0.0583  513s
update  28  recall 0.568  entropy 2.176  kl 0.0067  529s
update  29  recall 0.606  entropy 2.345  kl 0.0837  549s
update  30  recall 0.616  entropy 2.266  kl 0.0720  568s
update  31  recall 0.521  entropy 2.402  kl 0.0567  591s
update  32  recall 0.611  entropy 2.283  kl 0.0436  613s
update  33  recall 0.612  entropy 2.043  kl 0.0584  635s
update  34  recall 0.612  entropy 2.013  kl 0.0012  654s
update  35  recall 0.537  entropy 2.446  kl 0.0931  680s
update  36  recall 0.551  entropy 2.236  kl 0.0287  702s
update  37  recall 0.647  entropy 1.756  kl 0.0318  725s
update  38  recall 0.582  entropy 2.267  kl 0.0223  755s
update  39  recall 0.595  entropy 1.997  kl 0.0061  778s
update  40  recall 0.573  entropy 2.417  kl 0.1130  802s
update  41  recall 0.607  entropy 1.906  kl 0.0451  827s
update  42  recall 0.561  entropy 1.755  kl 0.0542  854s
update  43  recall 0.600  entropy 2.221  kl 0.0095  883s
update  44  recall 0.581  entropy 1.879  kl 0.0539  907s
update  45  recall 0.589  entropy 2.092  kl 0.0701  937s
update  46  recall 0.548  entropy 1.966  kl 0.0215  965s
update  47  recall 0.588  entropy 1.808  kl 0.0213  989s
update  48  recall 0.558  entropy 1.829  kl 0.1357  1016s
update  49  recall 0.595  entropy 2.087  kl 0.0446  1040s
update  50  recall 0.604  entropy 1.944  kl 0.0060  1067s
update  51  recall 0.646  entropy 1.810  kl 0.0324  1091s
update  52  recall 0.601  entropy 1.669  kl 0.0221  1119s
update  53  recall 0.589  entropy 1.712  kl 0.1447  1148s
update  54  recall 0.594  entropy 2.146  kl 0.0495  1168s
update  55  recall 0.575  entropy 1.883  kl 0.0247  1194s
update  56  recall 0.597  entropy 1.608  kl 0.0169  1219s
update  57  recall 0.584  entropy 1.676  kl 0.0358  1239s
update  58  recall 0.552  entropy 1.954  kl 0.0275  1259s
update  59  recall 0.646  entropy 1.596  kl 0.0417  1284s
update  60  recall 0.601  entropy 2.010  kl 0.0061  1311s
update  61  recall 0.631  entropy 1.518  kl 0.1061  1338s
update  62  recall 0.565  entropy 1.830  kl 0.0254  1361s
update  63  recall 0.605  entropy 1.620  kl 0.0253  1383s
update  64  recall 0.589  entropy 2.018  kl 0.0400  1406s
update  65  recall 0.542  entropy 1.360  kl 0.0078  1426s
update  66  recall 0.574  entropy 1.937  kl 0.1149  1444s
update  67  recall 0.616  entropy 1.185  kl 0.0580  1464s
update  68  recall 0.567  entropy 1.518  kl 0.1067  1486s
update  69  recall 0.620  entropy 1.516  kl 0.0698  1506s
update  70  recall 0.599  entropy 1.238  kl 0.0268  1528s
update  71  recall 0.579  entropy 1.302  kl 0.0216  1551s
update  72  recall 0.606  entropy 1.433  kl 0.0868  1572s
update  73  recall 0.620  entropy 1.369  kl 0.0612  1592s
update  74  recall 0.613  entropy 1.549  kl 0.0517  1610s
update  75  recall 0.616  entropy 1.078  kl 0.0044  1628s
update  76  recall 0.566  entropy 1.448  kl 0.0294  1648s
update  77  recall 0.619  entropy 1.341  kl 0.0456  1666s
update  78  recall 0.635  entropy 1.029  kl 0.0424  1686s
update  79  recall 0.616  entropy 1.049  kl 0.0537  1706s
update  80  recall 0.609  entropy 1.312  kl 0.0682  1724s
update  81  recall 0.593  entropy 1.306  kl 0.0303  1743s
update  82  recall 0.618  entropy 1.072  kl 0.0581  1765s
update  83  recall 0.660  entropy 1.237  kl 0.0101  1784s
update  84  recall 0.580  entropy 1.279  kl 0.0747  1808s
update  85  recall 0.560  entropy 1.273  kl 0.0073  1828s
update  86  recall 0.570  entropy 1.303  kl 0.0157  1858s
update  87  recall 0.627  entropy 1.252  kl 0.0503  1875s
update  88  recall 0.592  entropy 1.698  kl 0.0959  1890s
update  89  recall 0.627  entropy 1.480  kl 0.0093  1908s
update  90  recall 0.604  entropy 1.491  kl 0.0396  1937s
update  91  recall 0.591  entropy 1.402  kl 0.0850  1959s
update  92  recall 0.586  entropy 1.666  kl 0.0094  1983s
update  93  recall 0.641  entropy 1.159  kl 0.0148  2000s
update  94  recall 0.641  entropy 1.456  kl 0.0397  2017s
update  95  recall 0.614  entropy 1.693  kl 0.0557  2035s
update  96  recall 0.610  entropy 1.554  kl 0.0465  2052s
update  97  recall 0.615  entropy 1.685  kl 0.0778  2073s
update  98  recall 0.597  entropy 1.507  kl 0.0460  2094s
update  99  recall 0.645  entropy 1.504  kl 0.0660  2113s
update 100  recall 0.603  entropy 1.791  kl 0.0584  2133s
update 101  recall 0.656  entropy 1.535  kl 0.0539  2150s
update 102  recall 0.650  entropy 1.715  kl 0.0033  2171s
update 103  recall 0.608  entropy 1.516  kl 0.0625  2188s
update 104  recall 0.615  entropy 1.628  kl 0.0208  2213s
update 105  recall 0.576  entropy 1.680  kl 0.0815  2236s
update 106  recall 0.637  entropy 1.633  kl 0.0583  2258s
update 107  recall 0.540  entropy 1.798  kl 0.0805  2280s
update 108  recall 0.598  entropy 1.647  kl 0.1189  2300s
update 109  recall 0.590  entropy 1.914  kl 0.0834  2318s
update 110  recall 0.620  entropy 1.783  kl 0.1367  2336s
update 111  recall 0.622  entropy 1.773  kl 0.0878  2355s
update 112  recall 0.552  entropy 1.746  kl 0.0102  2375s
update 113  recall 0.646  entropy 1.645  kl 0.1335  2393s
update 114  recall 0.640  entropy 1.438  kl 0.0319  2414s
update 115  recall 0.622  entropy 1.668  kl 0.0662  2438s
update 116  recall 0.606  entropy 1.585  kl 0.0522  2457s
update 117  recall 0.599  entropy 1.649  kl 0.0927  2476s
update 118  recall 0.660  entropy 1.464  kl 0.0184  2491s
update 119  recall 0.602  entropy 1.569  kl 0.0535  2509s
update 120  recall 0.641  entropy 1.264  kl 0.0038  2525s
update 121  recall 0.556  entropy 1.619  kl 0.0207  2542s
update 122  recall 0.664  entropy 1.413  kl 0.0297  2563s
update 123  recall 0.634  entropy 1.296  kl 0.0103  2582s
update 124  recall 0.626  entropy 1.317  kl 0.0098  2602s
update 125  recall 0.636  entropy 1.174  kl 0.0523  2621s
update 126  recall 0.610  entropy 1.006  kl 0.0005  2639s
update 127  recall 0.636  entropy 1.196  kl 0.0896  2655s
update 128  recall 0.646  entropy 1.190  kl 0.0159  2671s
update 129  recall 0.582  entropy 1.115  kl 0.0430  2687s
update 130  recall 0.683  entropy 0.991  kl 0.0280  2704s
update 131  recall 0.606  entropy 1.204  kl 0.0394  2720s
update 132  recall 0.661  entropy 1.090  kl 0.0018  2735s
update 133  recall 0.553  entropy 1.013  kl 0.0506  2751s
update 134  recall 0.639  entropy 1.116  kl 0.0530  2768s
update 135  recall 0.702  entropy 0.854  kl 0.0067  2785s
update 136  recall 0.659  entropy 1.186  kl 0.0544  2804s
update 137  recall 0.650  entropy 1.008  kl 0.0271  2819s
update 138  recall 0.654  entropy 1.227  kl 0.0390  2840s
update 139  recall 0.635  entropy 0.905  kl 0.0007  2860s
update 140  recall 0.627  entropy 1.022  kl 0.0591  2876s
update 141  recall 0.628  entropy 1.040  kl 0.0044  2893s
update 142  recall 0.595  entropy 1.026  kl 0.0037  2912s
update 143  recall 0.618  entropy 1.045  kl 0.0610  2930s
update 144  recall 0.634  entropy 1.275  kl 0.0252  2947s
update 145  recall 0.651  entropy 1.357  kl 0.0030  2964s
update 146  recall 0.650  entropy 1.491  kl 0.0630  2980s
update 147  recall 0.630  entropy 1.547  kl 0.0054  2999s
update 148  recall 0.645  entropy 1.522  kl 0.1231  3018s
update 149  recall 0.660  entropy 1.438  kl 0.0231  3036s
update 150  recall 0.659  entropy 1.229  kl 0.0693  3053s
update 151  recall 0.664  entropy 1.574  kl 0.0915  3069s
update 152  recall 0.629  entropy 1.493  kl 0.0694  3084s
update 153  recall 0.637  entropy 1.504  kl 0.0429  3100s
update 154  recall 0.610  entropy 1.827  kl 0.0926  3117s
update 155  recall 0.600  entropy 1.811  kl 0.0497  3135s
update 156  recall 0.567  entropy 1.463  kl 0.0189  3152s
update 157  recall 0.638  entropy 1.371  kl 0.1012  3172s
update 158  recall 0.607  entropy 1.277  kl 0.1431  3188s
update 159  recall 0.672  entropy 1.379  kl 0.1106  3203s
update 160  recall 0.651  entropy 1.634  kl 0.0684  3224s
update 161  recall 0.619  entropy 1.451  kl 0.0364  3243s
update 162  recall 0.640  entropy 1.433  kl 0.0939  3258s
update 163  recall 0.650  entropy 1.545  kl 0.0359  3273s
update 164  recall 0.571  entropy 1.482  kl 0.0667  3289s
update 165  recall 0.641  entropy 1.603  kl 0.0063  3306s
update 166  recall 0.602  entropy 1.572  kl 0.0927  3322s
update 167  recall 0.693  entropy 1.425  kl 0.0258  3338s
update 168  recall 0.667  entropy 1.531  kl 0.1176  3354s
update 169  recall 0.632  entropy 1.532  kl 0.0442  3369s
update 170  recall 0.656  entropy 1.394  kl 0.1229  3384s
update 171  recall 0.640  entropy 1.652  kl 0.0498  3400s
update 172  recall 0.646  entropy 1.575  kl 0.0044  3414s
update 173  recall 0.641  entropy 1.372  kl 0.0768  3429s
update 174  recall 0.672  entropy 1.442  kl 0.1080  3446s
update 175  recall 0.609  entropy 1.627  kl 0.1033  3464s
update 176  recall 0.588  entropy 1.331  kl 0.0861  3483s
update 177  recall 0.659  entropy 1.483  kl 0.0847  3502s
update 178  recall 0.633  entropy 1.352  kl 0.0438  3520s
update 179  recall 0.667  entropy 1.381  kl 0.0379  3537s
update 180  recall 0.644  entropy 1.169  kl 0.0075  3555s
update 181  recall 0.666  entropy 1.418  kl 0.0445  3574s
update 182  recall 0.698  entropy 1.517  kl 0.1205  3593s
update 183  recall 0.609  entropy 1.501  kl 0.0049  3610s
update 184  recall 0.658  entropy 1.435  kl 0.1052  3629s
update 185  recall 0.636  entropy 1.712  kl 0.0017  3648s
update 186  recall 0.624  entropy 1.617  kl 0.0385  3664s
update 187  recall 0.632  entropy 1.696  kl 0.0609  3680s
update 188  recall 0.647  entropy 1.720  kl 0.0268  3696s
update 189  recall 0.628  entropy 1.780  kl 0.0125  3712s
update 190  recall 0.630  entropy 1.620  kl 0.0219  3728s
update 191  recall 0.629  entropy 1.298  kl 0.0429  3744s
update 192  recall 0.646  entropy 1.393  kl 0.0402  3759s
update 193  recall 0.627  entropy 1.274  kl 0.0680  3773s
update 194  recall 0.613  entropy 1.509  kl 0.0271  3788s
update 195  recall 0.629  entropy 1.307  kl 0.0981  3802s
update 196  recall 0.621  entropy 1.616  kl 0.0276  3817s
update 197  recall 0.618  entropy 1.527  kl 0.0335  3832s
update 198  recall 0.626  entropy 1.455  kl 0.0598  3846s
update 199  recall 0.647  entropy 1.319  kl 0.0334  3861s

saved results/fleet/ppo_s0.pt

held-out drift seeds (not used in training):
  ppo                        recall 0.648 +/- 0.075
  top-k                      recall 0.570 +/- 0.098
  yield-triggered(drop=0.5)  recall 0.594 +/- 0.085
