update   0  recall 0.396  entropy 3.202  kl 0.0330  16s
update   1  recall 0.411  entropy 3.195  kl 0.0151  41s
update   2  recall 0.372  entropy 3.153  kl 0.0618  59s
update   3  recall 0.482  entropy 3.119  kl 0.0866  76s
update   4  recall 0.415  entropy 3.143  kl 0.0515  92s
update   5  recall 0.448  entropy 3.047  kl 0.0428  110s
update   6  recall 0.456  entropy 3.012  kl 0.0124  126s
update   7  recall 0.515  entropy 2.977  kl 0.0087  141s
update   8  recall 0.490  entropy 2.856  kl 0.0190  158s
update   9  recall 0.518  entropy 2.932  kl 0.0480  175s
update  10  recall 0.547  entropy 2.821  kl 0.1324  192s
update  11  recall 0.512  entropy 2.663  kl 0.1132  208s
update  12  recall 0.520  entropy 2.779  kl 0.0779  225s
update  13  recall 0.624  entropy 2.616  kl 0.0085  242s
update  14  recall 0.523  entropy 2.665  kl 0.0470  260s
update  15  recall 0.598  entropy 2.686  kl 0.0457  275s
update  16  recall 0.517  entropy 2.700  kl 0.0396  294s
update  17  recall 0.532  entropy 2.894  kl 0.1150  314s
update  18  recall 0.569  entropy 2.450  kl 0.0470  331s
update  19  recall 0.538  entropy 2.617  kl 0.0690  350s
update  20  recall 0.537  entropy 2.507  kl 0.0223  370s
update  21  recall 0.569  entropy 2.347  kl 0.0750  390s
update  22  recall 0.503  entropy 2.147  kl 0.0500  408s
update  23  recall 0.587  entropy 2.069  kl 0.0467  425s
update  24  recall 0.565  entropy 2.043  kl 0.0522  444s
update  25  recall 0.556  entropy 2.332  kl 0.0156  468s
update  26  recall 0.601  entropy 1.919  kl 0.0464  487s
update  27  recall 0.582  entropy 2.171  kl 0.0660  512s
update  28  recall 0.565  entropy 2.073  kl 0.1096  529s
update  29  recall 0.555  entropy 1.927  kl 0.0219  549s
update  30  recall 0.581  entropy 1.711  kl 0.0040  569s
update  31  recall 0.566  entropy 1.753  kl 0.0562  592s
update  32  recall 0.623  entropy 2.081  kl 0.0380  614s
update  33  recall 0.584  entropy 2.296  kl 0.0307  636s
update  34  recall 0.569  entropy 2.021  kl 0.0241  656s
update  35  recall 0.584  entropy 1.967  kl 0.0676  681s
update  36  recall 0.541  entropy 2.106  kl 0.0582  704s
update  37  recall 0.577  entropy 2.073  kl 0.0267  728s
update  38  recall 0.578  entropy 1.755  kl 0.1674  759s
update  39  recall 0.557  entropy 2.190  kl 0.0533  782s
update  40  recall 0.552  entropy 1.717  kl 0.0648  806s
update  41  recall 0.610  entropy 1.953  kl 0.0002  832s
update  42  recall 0.599  entropy 1.615  kl 0.0299  860s
update  43  recall 0.626  entropy 2.059  kl 0.0108  888s
update  44  recall 0.636  entropy 2.126  kl 0.0468  912s
update  45  recall 0.582  entropy 2.418  kl 0.0005  945s
update  46  recall 0.579  entropy 2.070  kl 0.0141  972s
update  47  recall 0.553  entropy 2.197  kl 0.0062  995s
update  48  recall 0.645  entropy 2.340  kl 0.0326  1022s
update  49  recall 0.594  entropy 2.443  kl 0.0383  1050s
update  50  recall 0.539  entropy 2.521  kl 0.0545  1075s
update  51  recall 0.545  entropy 2.349  kl 0.0020  1099s
update  52  recall 0.633  entropy 2.352  kl 0.0438  1128s
update  53  recall 0.572  entropy 2.381  kl 0.0465  1154s
update  54  recall 0.575  entropy 2.264  kl 0.0192  1176s
update  55  recall 0.598  entropy 2.370  kl 0.0254  1201s
update  56  recall 0.509  entropy 2.271  kl 0.0100  1225s
update  57  recall 0.583  entropy 2.327  kl 0.0887  1245s
update  58  recall 0.584  entropy 2.149  kl 0.0281  1266s
update  59  recall 0.576  entropy 2.429  kl 0.0064  1292s
update  60  recall 0.580  entropy 2.294  kl 0.0036  1324s
update  61  recall 0.583  entropy 2.237  kl 0.0318  1347s
update  62  recall 0.609  entropy 1.809  kl 0.0196  1370s
update  63  recall 0.574  entropy 2.179  kl 0.0009  1392s
update  64  recall 0.581  entropy 2.026  kl 0.0650  1415s
update  65  recall 0.574  entropy 1.906  kl 0.0528  1433s
update  66  recall 0.671  entropy 2.073  kl 0.0980  1453s
update  67  recall 0.580  entropy 1.988  kl 0.0722  1475s
update  68  recall 0.618  entropy 2.003  kl 0.1072  1495s
update  69  recall 0.617  entropy 1.901  kl 0.0504  1516s
update  70  recall 0.573  entropy 2.056  kl 0.0500  1537s
update  71  recall 0.580  entropy 2.072  kl 0.0034  1562s
update  72  recall 0.551  entropy 1.866  kl 0.0789  1582s
update  73  recall 0.584  entropy 2.126  kl 0.0159  1600s
update  74  recall 0.631  entropy 2.057  kl 0.0529  1620s
update  75  recall 0.564  entropy 1.980  kl 0.0066  1639s
update  76  recall 0.628  entropy 1.855  kl 0.0454  1657s
update  77  recall 0.660  entropy 2.147  kl 0.0689  1676s
update  78  recall 0.568  entropy 1.945  kl 0.0615  1695s
update  79  recall 0.568  entropy 2.051  kl 0.0661  1715s
update  80  recall 0.670  entropy 1.974  kl 0.0584  1733s
update  81  recall 0.639  entropy 1.754  kl 0.0424  1755s
update  82  recall 0.577  entropy 2.068  kl 0.0067  1774s
update  83  recall 0.612  entropy 1.788  kl 0.0430  1793s
update  84  recall 0.606  entropy 1.953  kl 0.0286  1818s
update  85  recall 0.586  entropy 1.809  kl 0.0385  1844s
update  86  recall 0.623  entropy 1.799  kl 0.0716  1866s
update  87  recall 0.652  entropy 2.002  kl 0.0438  1882s
update  88  recall 0.597  entropy 1.799  kl 0.0472  1896s
update  89  recall 0.659  entropy 1.754  kl 0.1422  1923s
update  90  recall 0.612  entropy 1.687  kl 0.0208  1948s
update  91  recall 0.660  entropy 1.655  kl 0.0199  1970s
update  92  recall 0.621  entropy 1.721  kl 0.0241  1992s
update  93  recall 0.611  entropy 1.548  kl 0.0325  2008s
update  94  recall 0.625  entropy 1.722  kl 0.0514  2026s
update  95  recall 0.649  entropy 1.556  kl 0.0895  2044s
update  96  recall 0.597  entropy 1.760  kl 0.0202  2063s
update  97  recall 0.605  entropy 1.439  kl 0.0462  2084s
update  98  recall 0.591  entropy 1.522  kl 0.0297  2105s
update  99  recall 0.653  entropy 1.558  kl 0.0263  2124s
update 100  recall 0.615  entropy 1.503  kl 0.0566  2142s
update 101  recall 0.630  entropy 1.306  kl 0.0014  2162s
update 102  recall 0.584  entropy 1.306  kl 0.0247  2180s
update 103  recall 0.658  entropy 1.436  kl 0.0157  2200s
update 104  recall 0.636  entropy 1.607  kl 0.0447  2226s
update 105  recall 0.625  entropy 1.810  kl 0.0669  2247s
update 106  recall 0.641  entropy 1.393  kl 0.0259  2269s
update 107  recall 0.676  entropy 1.377  kl 0.0869  2290s
update 108  recall 0.600  entropy 0.986  kl 0.0280  2308s
update 109  recall 0.656  entropy 1.106  kl 0.1038  2326s
update 110  recall 0.584  entropy 1.110  kl 0.0458  2346s
update 111  recall 0.660  entropy 1.525  kl 0.0958  2365s
update 112  recall 0.669  entropy 1.231  kl 0.0644  2385s
update 113  recall 0.660  entropy 1.079  kl 0.0952  2406s
update 114  recall 0.650  entropy 0.747  kl 0.0080  2429s
update 115  recall 0.642  entropy 1.140  kl 0.0668  2450s
update 116  recall 0.631  entropy 0.764  kl 0.0269  2468s
update 117  recall 0.647  entropy 1.185  kl 0.0375  2485s
update 118  recall 0.629  entropy 1.061  kl 0.0784  2502s
update 119  recall 0.653  entropy 1.004  kl 0.0413  2520s
update 120  recall 0.633  entropy 1.319  kl 0.0047  2536s
update 121  recall 0.609  entropy 1.138  kl 0.0733  2558s
update 122  recall 0.606  entropy 1.230  kl 0.2328  2577s
update 123  recall 0.658  entropy 1.401  kl 0.0296  2597s
update 124  recall 0.618  entropy 1.322  kl 0.0401  2616s
update 125  recall 0.644  entropy 1.159  kl 0.0089  2636s
update 126  recall 0.649  entropy 1.580  kl 0.1262  2652s
update 127  recall 0.626  entropy 1.337  kl 0.0512  2668s
update 128  recall 0.674  entropy 1.451  kl 0.1113  2684s
update 129  recall 0.651  entropy 1.649  kl 0.0460  2701s
update 130  recall 0.632  entropy 1.659  kl 0.0221  2718s
update 131  recall 0.610  entropy 1.705  kl 0.0768  2733s
update 132  recall 0.594  entropy 1.569  kl 0.0649  2750s
update 133  recall 0.620  entropy 1.566  kl 0.0880  2766s
update 134  recall 0.617  entropy 1.550  kl 0.1087  2783s
update 135  recall 0.667  entropy 1.643  kl 0.0045  2803s
update 136  recall 0.558  entropy 1.591  kl 0.0478  2820s
update 137  recall 0.588  entropy 1.469  kl 0.0619  2841s
update 138  recall 0.625  entropy 1.539  kl 0.0212  2862s
update 139  recall 0.643  entropy 1.244  kl 0.0884  2878s
update 140  recall 0.634  entropy 1.678  kl 0.0482  2895s
update 141  recall 0.615  entropy 1.333  kl 0.0229  2914s
update 142  recall 0.652  entropy 1.290  kl 0.0722  2931s
update 143  recall 0.618  entropy 1.471  kl 0.0633  2948s
update 144  recall 0.672  entropy 1.349  kl 0.0291  2965s
update 145  recall 0.641  entropy 1.531  kl 0.0264  2981s
update 146  recall 0.645  entropy 1.485  kl 0.0224  3001s
update 147  recall 0.600  entropy 1.422  kl 0.1630  3019s
update 148  recall 0.613  entropy 1.966  kl 0.0108  3036s
update 149  recall 0.627  entropy 1.390  kl 0.0267  3054s
update 150  recall 0.638  entropy 1.660  kl 0.0487  3071s
update 151  recall 0.619  entropy 1.534  kl 0.0122  3086s
update 152  recall 0.573  entropy 1.645  kl 0.0939  3102s
update 153  recall 0.614  entropy 1.637  kl 0.0641  3120s
update 154  recall 0.618  entropy 1.566  kl 0.0308  3138s
update 155  recall 0.618  entropy 1.365  kl 0.0606  3155s
update 156  recall 0.669  entropy 1.633  kl 0.0168  3174s
update 157  recall 0.600  entropy 1.705  kl 0.1244  3190s
update 158  recall 0.622  entropy 1.677  kl 0.0648  3206s
update 159  recall 0.631  entropy 1.622  kl 0.0015  3227s
update 160  recall 0.619  entropy 1.399  kl 0.0085  3246s
update 161  recall 0.634  entropy 1.194  kl 0.0910  3261s
update 162  recall 0.567  entropy 1.665  kl 0.0229  3276s
update 163  recall 0.618  entropy 1.489  kl 0.0400  3291s
update 164  recall 0.611  entropy 1.775  kl 0.1362  3309s
update 165  recall 0.600  entropy 1.329  kl 0.0282  3325s
update 166  recall 0.637  entropy 1.236  kl 0.0651  3341s
update 167  recall 0.679  entropy 1.539  kl 0.0480  3356s
update 168  recall 0.591  entropy 1.237  kl 0.0127  3372s
update 169  recall 0.630  entropy 1.273  kl 0.0591  3388s
update 170  recall 0.674  entropy 1.386  kl 0.0002  3403s
update 171  recall 0.639  entropy 1.468  kl 0.0224  3417s
update 172  recall 0.589  entropy 1.554  kl 0.1034  3433s
update 173  recall 0.643  entropy 1.433  kl 0.1053  3450s
update 174  recall 0.635  entropy 1.379  kl 0.0807  3468s
update 175  recall 0.604  entropy 1.301  kl 0.0382  3487s
update 176  recall 0.584  entropy 1.390  kl 0.0252  3507s
update 177  recall 0.647  entropy 1.279  kl 0.0970  3524s
update 178  recall 0.630  entropy 1.413  kl 0.0611  3541s
update 179  recall 0.647  entropy 1.241  kl 0.0108  3559s
update 180  recall 0.588  entropy 1.401  kl 0.0469  3579s
update 181  recall 0.632  entropy 1.459  kl 0.0100  3598s
update 182  recall 0.617  entropy 1.468  kl 0.0687  3616s
update 183  recall 0.599  entropy 1.102  kl 0.0149  3634s
update 184  recall 0.621  entropy 1.156  kl 0.1569  3653s
update 185  recall 0.652  entropy 1.211  kl 0.0421  3668s
update 186  recall 0.649  entropy 1.166  kl 0.0165  3684s
update 187  recall 0.625  entropy 1.266  kl 0.0897  3700s
update 188  recall 0.617  entropy 1.431  kl 0.0656  3716s
update 189  recall 0.626  entropy 1.382  kl 0.0196  3733s
update 190  recall 0.647  entropy 1.199  kl 0.0152  3749s
update 191  recall 0.618  entropy 1.191  kl 0.0185  3764s
update 192  recall 0.645  entropy 1.513  kl 0.0202  3778s
update 193  recall 0.579  entropy 1.379  kl 0.0617  3793s
update 194  recall 0.653  entropy 1.397  kl 0.0692  3808s
update 195  recall 0.665  entropy 1.310  kl 0.1551  3823s
update 196  recall 0.593  entropy 1.344  kl 0.0210  3838s
update 197  recall 0.611  entropy 1.398  kl 0.0431  3853s
update 198  recall 0.654  entropy 1.142  kl 0.0661  3868s
update 199  recall 0.673  entropy 1.022  kl 0.0268  3883s

saved results/fleet/ppo_s4.pt

held-out drift seeds (not used in training):
  ppo                        recall 0.649 +/- 0.074
  top-k                      recall 0.570 +/- 0.098
  yield-triggered(drop=0.5)  recall 0.594 +/- 0.085
